Component: Arm Compiler for Embedded 6.24 Tool: armlink [5f371500]

==============================================================================

Section Cross References

    main.o(.text.main) refers to systick_delay.o(.text.SysTick_Delay_Init) for SysTick_Delay_Init
    main.o(.text.main) refers to gpio.o(.text.RGB_LED_Init) for RGB_LED_Init
    main.o(.text.main) refers to pwm_clock.o(.text.PWM_Clock_Init) for PWM_Clock_Init
    main.o(.text.main) refers to pwm0_0.o(.text.PWM0_0_Init) for PWM0_0_Init
    main.o(.text.main) refers to pwm0_4_5.o(.text.PWM0_4_5_Init) for PWM0_4_5_Init
    main.o(.text.main) refers to uart0.o(.text.UART0_Init) for UART0_Init
    main.o(.text.main) refers to uart3.o(.text.UART3_Init) for UART3_Init
    main.o(.text.main) refers to ultra_sonic.o(.text.Ultrasonic_Init) for Ultrasonic_Init
    main.o(.text.main) refers to systick_delay.o(.text.SysTick_GetMillis) for SysTick_GetMillis
    main.o(.text.main) refers to main.o(.bss.g_last_manual_rx_ms) for g_last_manual_rx_ms
    main.o(.text.main) refers to uart3.o(.text.UART3_DataAvailable) for UART3_DataAvailable
    main.o(.text.main) refers to uart3.o(.text.UART3_Input_Character) for UART3_Input_Character
    main.o(.text.main) refers to main.o(.bss.lineIndex) for lineIndex
    main.o(.text.main) refers to main.o(.bss.lineBuf) for lineBuf
    main.o(.text.main) refers to main.o(.text.handleLine) for handleLine
    main.o(.text.main) refers to main.o(.bss.g_control_mode) for g_control_mode
    main.o(.text.main) refers to main.o(.bss.g_auto_state) for g_auto_state
    main.o(.text.main) refers to pwm0_0.o(.text.PWM0_0_Update_Duty_Cycle) for PWM0_0_Update_Duty_Cycle
    main.o(.text.main) refers to main.o(.rodata.str1.1) for .L.str
    main.o(.text.main) refers to uart0.o(.text.UART0_Output_String) for UART0_Output_String
    main.o(.text.main) refers to main.o(.bss.g_state_time_ms) for g_state_time_ms
    main.o(.text.main) refers to main.o(.text.Update_Local_Sensors) for Update_Local_Sensors
    main.o(.text.main) refers to main.o(.text.Run_Autonomous_StateMachine) for Run_Autonomous_StateMachine
    main.o(.text.main) refers to systick_delay.o(.text.SysTick_Delay1ms) for SysTick_Delay1ms
    main.o(.ARM.exidx.text.main) refers to main.o(.text.main) for [Anonymous Symbol]
    main.o(.text.handleLine) refers to main.o(.rodata.str1.1) for .L.str.3
    main.o(.text.handleLine) refers to strncmp.o(.text) for strncmp
    main.o(.text.handleLine) refers to sscanf.o(.text) for sscanf
    main.o(.text.handleLine) refers to strcpy.o(.text) for strcpy
    main.o(.text.handleLine) refers to uart0.o(.text.UART0_Output_String) for UART0_Output_String
    main.o(.text.handleLine) refers to uart0.o(.text.UART0_Output_Unsigned_Decimal) for UART0_Output_Unsigned_Decimal
    main.o(.text.handleLine) refers to uart0.o(.text.UART0_Output_Newline) for UART0_Output_Newline
    main.o(.text.handleLine) refers to main.o(.text.mapSteerToDuty) for mapSteerToDuty
    main.o(.text.handleLine) refers to pwm0_0.o(.text.PWM0_0_Update_Duty_Cycle) for PWM0_0_Update_Duty_Cycle
    main.o(.text.handleLine) refers to gpio.o(.rodata.RGB_LED_OFF) for RGB_LED_OFF
    main.o(.text.handleLine) refers to gpio.o(.text.RGB_LED_Output) for RGB_LED_Output
    main.o(.text.handleLine) refers to pwm0_4_5.o(.text.PWM_Motor_Stop) for PWM_Motor_Stop
    main.o(.text.handleLine) refers to pwm0_4_5.o(.text.PWM_Motor_Forward) for PWM_Motor_Forward
    main.o(.text.handleLine) refers to gpio.o(.rodata.RGB_LED_RED) for RGB_LED_RED
    main.o(.text.handleLine) refers to pwm0_4_5.o(.text.PWM_Motor_Backward) for PWM_Motor_Backward
    main.o(.ARM.exidx.text.handleLine) refers to main.o(.text.handleLine) for [Anonymous Symbol]
    main.o(.text.Update_Local_Sensors) refers to ultra_sonic.o(.text.Ultrasonic_ReadDistanceCM) for Ultrasonic_ReadDistanceCM
    main.o(.text.Update_Local_Sensors) refers to main.o(.bss.g_distance_cm) for g_distance_cm
    main.o(.ARM.exidx.text.Update_Local_Sensors) refers to main.o(.text.Update_Local_Sensors) for [Anonymous Symbol]
    main.o(.text.Run_Autonomous_StateMachine) refers to systick_delay.o(.text.SysTick_GetMillis) for SysTick_GetMillis
    main.o(.text.Run_Autonomous_StateMachine) refers to main.o(.bss.g_state_time_ms) for g_state_time_ms
    main.o(.text.Run_Autonomous_StateMachine) refers to main.o(.bss.Run_Autonomous_StateMachine.old_state) for Run_Autonomous_StateMachine.old_state
    main.o(.text.Run_Autonomous_StateMachine) refers to main.o(.bss.g_auto_state) for g_auto_state
    main.o(.text.Run_Autonomous_StateMachine) refers to main.o(.bss.g_distance_cm) for g_distance_cm
    main.o(.text.Run_Autonomous_StateMachine) refers to main.o(.rodata.str1.1) for .L.str.2
    main.o(.text.Run_Autonomous_StateMachine) refers to snprintf.o(.text) for snprintf
    main.o(.text.Run_Autonomous_StateMachine) refers to uart0.o(.text.UART0_Output_String) for UART0_Output_String
[...]
    locale$$code                             0x00004968   Section       44  lc_ctype_c.o(locale$$code)
    $v0                                      0x00004994   Number         0  d2f.o(x$fpl$d2f)
    x$fpl$d2f                                0x00004994   Section       98  d2f.o(x$fpl$d2f)
    $v0                                      0x000049f8   Number         0  dcheck1.o(x$fpl$dcheck1)
    x$fpl$dcheck1                            0x000049f8   Section       16  dcheck1.o(x$fpl$dcheck1)
    $v0                                      0x00004a08   Number         0  dcmpi.o(x$fpl$dcmpinf)
    x$fpl$dcmpinf                            0x00004a08   Section       24  dcmpi.o(x$fpl$dcmpinf)
    $v0                                      0x00004a20   Number         0  deqf.o(x$fpl$deqf)
    x$fpl$deqf                               0x00004a20   Section      120  deqf.o(x$fpl$deqf)
    $v0                                      0x00004a98   Number         0  dleqf.o(x$fpl$dleqf)
    x$fpl$dleqf                              0x00004a98   Section      120  dleqf.o(x$fpl$dleqf)
    $v0                                      0x00004b10   Number         0  dmul.o(x$fpl$dmul)
    x$fpl$dmul                               0x00004b10   Section      340  dmul.o(x$fpl$dmul)
    $v0                                      0x00004c64   Number         0  dnaninf.o(x$fpl$dnaninf)
    x$fpl$dnaninf                            0x00004c64   Section      156  dnaninf.o(x$fpl$dnaninf)
    $v0                                      0x00004d00   Number         0  dretinf.o(x$fpl$dretinf)
    x$fpl$dretinf                            0x00004d00   Section       12  dretinf.o(x$fpl$dretinf)
    $v0                                      0x00004d0c   Number         0  drleqf.o(x$fpl$drleqf)
    x$fpl$drleqf                             0x00004d0c   Section      108  drleqf.o(x$fpl$drleqf)
    $v0                                      0x00004d78   Number         0  fpinit.o(x$fpl$fpinit)
    x$fpl$fpinit                             0x00004d78   Section       26  fpinit.o(x$fpl$fpinit)
    $v0                                      0x00004d92   Number         0  fretinf.o(x$fpl$fretinf)
    x$fpl$fretinf                            0x00004d92   Section       10  fretinf.o(x$fpl$fretinf)
    $v0                                      0x00004d9c   Number         0  istatus.o(x$fpl$ieeestatus)
    x$fpl$ieeestatus                         0x00004d9c   Section        6  istatus.o(x$fpl$ieeestatus)
    $v0                                      0x00004da2   Number         0  printf1.o(x$fpl$printf1)
    x$fpl$printf1                            0x00004da2   Section        4  printf1.o(x$fpl$printf1)
    $v0                                      0x00004da6   Number         0  printf2.o(x$fpl$printf2)
    x$fpl$printf2                            0x00004da6   Section        4  printf2.o(x$fpl$printf2)
    $v0                                      0x00004daa   Number         0  retnan.o(x$fpl$retnan)
    x$fpl$retnan                             0x00004daa   Section      100  retnan.o(x$fpl$retnan)
    $v0                                      0x00004e0e   Number         0  scalbn.o(x$fpl$scalbn)
    x$fpl$scalbn                             0x00004e0e   Section       92  scalbn.o(x$fpl$scalbn)
    $v0                                      0x00004e6a   Number         0  scanf1.o(x$fpl$scanf1)
    x$fpl$scanf1                             0x00004e6a   Section        4  scanf1.o(x$fpl$scanf1)
    $v0                                      0x00004e6e   Number         0  scanf2.o(x$fpl$scanf2)
    x$fpl$scanf2                             0x00004e6e   Section        8  scanf2.o(x$fpl$scanf2)
    $v0                                      0x00004e76   Number         0  trapv.o(x$fpl$trapveneer)
    x$fpl$trapveneer                         0x00004e76   Section       48  trapv.o(x$fpl$trapveneer)
    x$fpl$usenofp                            0x00004ea6   Section        0  usenofp.o(x$fpl$usenofp)
    initial_mbstate                          0x00004ea8   Data           8  _printf_wctomb.o(.constdata)
    .constdata                               0x00004ea8   Section        8  _printf_wctomb.o(.constdata)
    uc_hextab                                0x00004eb0   Data          20  _printf_hex_int_ll_ptr.o(.constdata)
    .constdata                               0x00004eb0   Section       40  _printf_hex_int_ll_ptr.o(.constdata)
    lc_hextab                                0x00004ec4   Data          20  _printf_hex_int_ll_ptr.o(.constdata)
    maptable                                 0x00004ed8   Data          17  __printf_flags_ss_wp.o(.constdata)
    .constdata                               0x00004ed8   Section       17  __printf_flags_ss_wp.o(.constdata)
    lc_hextab                                0x00004ee9   Data          19  _printf_fp_hex.o(.constdata)
    .constdata                               0x00004ee9   Section       38  _printf_fp_hex.o(.constdata)
    uc_hextab                                0x00004efc   Data          19  _printf_fp_hex.o(.constdata)
    tenpwrs_x                                0x00004f10   Data          60  bigflt0.o(.constdata)
    .constdata                               0x00004f10   Section      148  bigflt0.o(.constdata)
    tenpwrs_i                                0x00004f4c   Data          64  bigflt0.o(.constdata)
    .L.str.12                                0x00004fa6   Data           4  main.o(.rodata.str1.1)
    [Anonymous Symbol]                       0x00004fa6   Section        0  main.o(.rodata.str1.1)
    .L.str.15                                0x00004faa   Data           4  main.o(.rodata.str1.1)
    .L.str.16                                0x00004fae   Data           4  main.o(.rodata.str1.1)
    .L.str.17                                0x00004fb2   Data           4  main.o(.rodata.str1.1)
    .L.str                                   0x00004fb6   Data          22  main.o(.rodata.str1.1)
    .L.str.1                                 0x00004fcc   Data          20  main.o(.rodata.str1.1)
    .L.str.14                                0x00004fe0   Data          15  main.o(.rodata.str1.1)
    .L.str.2                                 0x00004fef   Data          19  main.o(.rodata.str1.1)
    .L.str.9                                 0x00005002   Data          13  main.o(.rodata.str1.1)
    .L.str.11                                0x0000500c   Data           3  main.o(.rodata.str1.1)
    .L.str.10                                0x0000500f   Data           6  main.o(.rodata.str1.1)
    .L.str.3                                 0x00005015   Data           8  main.o(.rodata.str1.1)
    .L.str.6                                 0x0000501d   Data           6  main.o(.rodata.str1.1)
    .L.str.13                                0x00005023   Data           4  main.o(.rodata.str1.1)
    .L.str.5                                 0x00005027   Data           7  main.o(.rodata.str1.1)
    .L.str.8                                 0x0000502e   Data           5  main.o(.rodata.str1.1)
    .L.str.4                                 0x00005033   Data          22  main.o(.rodata.str1.1)
    .L.str.7                                 0x00005049   Data          20  main.o(.rodata.str1.1)
    c$$dinf                                  0x00005070   Section        8  fpconst.o(c$$dinf)
    c$$dmax                                  0x00005078   Section        8  fpconst.o(c$$dmax)
    locale$$data                             0x00005080   Section       28  lc_numeric_c.o(locale$$data)
    __lcnum_c_name                           0x00005084   Data           2  lc_numeric_c.o(locale$$data)
    __lcnum_c_start                          0x0000508c   Data           0  lc_numeric_c.o(locale$$data)
    __lcnum_c_point                          0x00005098   Data           0  lc_numeric_c.o(locale$$data)
    __lcnum_c_thousands                      0x0000509a   Data           0  lc_numeric_c.o(locale$$data)
    __lcnum_c_grouping                       0x0000509b   Data           0  lc_numeric_c.o(locale$$data)
    __lcnum_c_end                            0x0000509c   Data           0  lc_numeric_c.o(locale$$data)
    locale$$data                             0x0000509c   Section      272  lc_ctype_c.o(locale$$data)
    __lcctype_c_name                         0x000050a0   Data           2  lc_ctype_c.o(locale$$data)
    __lcctype_c_start                        0x000050a8   Data           0  lc_ctype_c.o(locale$$data)
    __lcctype_c_end                          0x000051ac   Data           0  lc_ctype_c.o(locale$$data)
    .bss                                     0x20000000   Section       96  libspace.o(.bss)
    Run_Autonomous_StateMachine.old_state    0x20000060   Data           1  main.o(.bss.Run_Autonomous_StateMachine.old_state)
    [Anonymous Symbol]                       0x20000060   Section        0  main.o(.bss.Run_Autonomous_StateMachine.old_state)
    g_auto_state                             0x20000061   Data           1  main.o(.bss.g_auto_state)
    [Anonymous Symbol]                       0x20000061   Section        0  main.o(.bss.g_auto_state)
    g_control_mode                           0x20000062   Data           1  main.o(.bss.g_control_mode)
    [Anonymous Symbol]                       0x20000062   Section        0  main.o(.bss.g_control_mode)
    g_distance_cm                            0x20000064   Data           4  main.o(.bss.g_distance_cm)
    [Anonymous Symbol]                       0x20000064   Section        0  main.o(.bss.g_distance_cm)
    g_last_manual_rx_ms                      0x20000068   Data           4  main.o(.bss.g_last_manual_rx_ms)
    [Anonymous Symbol]                       0x20000068   Section        0  main.o(.bss.g_last_manual_rx_ms)
    g_ms_ticks                               0x2000006c   Data           4  systick_delay.o(.bss.g_ms_ticks)
    [Anonymous Symbol]                       0x2000006c   Section        0  systick_delay.o(.bss.g_ms_ticks)
    g_state_time_ms                          0x20000070   Data           4  main.o(.bss.g_state_time_ms)
    [Anonymous Symbol]                       0x20000070   Section        0  main.o(.bss.g_state_time_ms)
    lineBuf                                  0x20000074   Data         128  main.o(.bss.lineBuf)
    [Anonymous Symbol]                       0x20000074   Section        0  main.o(.bss.lineBuf)
    lineIndex                                0x200000f4   Data           4  main.o(.bss.lineIndex)
    [Anonymous Symbol]                       0x200000f4   Section        0  main.o(.bss.lineIndex)
    ms_active                                0x200000f8   Data           1  systick_delay.o(.bss.ms_active)
    [Anonymous Symbol]                       0x200000f8   Section        0  systick_delay.o(.bss.ms_active)
    ms_elapsed                               0x200000fc   Data           4  systick_delay.o(.bss.ms_elapsed)
    [Anonymous Symbol]                       0x200000fc   Section        0  systick_delay.o(.bss.ms_elapsed)
    us_elapsed                               0x20000100   Data           4  systick_delay.o(.bss.us_elapsed)
    [Anonymous Symbol]                       0x20000100   Section        0  systick_delay.o(.bss.us_elapsed)
    Heap_Mem                                 0x20000108   Data           0  startup_tm4c123.o(HEAP)
    Stack_Mem                                0x20000108   Data         512  startup_tm4c123.o(STACK)
    HEAP                                     0x20000108   Section        0  startup_tm4c123.o(HEAP)
    STACK                                    0x20000108   Section      512  startup_tm4c123.o(STACK)
    __initial_sp                             0x20000308   Data           0  startup_tm4c123.o(STACK)

    Global Symbols

    Symbol Name                              Value     Ov Type        Size  Object(Section)

    BuildAttributes$$THM_ISAv4$E$P$D$K$B$S$7EM$VFPi3$EXTD16$VFPS$VFMA$PE$A:L22UL41UL21$X:L11$S22US41US21$IEEE1$IW$~IW$USESV6$~STKCKD$USESV7$~SHL$OTIME$ROPI$IEEEX$EBA8$UX$STANDARDLIB$REQ8$PRES8$EABIv2 0x00000000   Number         0  anon$$obj.o ABSOLUTE
    __Vectors                                0x00000000   Data           4  startup_tm4c123.o(RESET)
    _printf_flags                            0x00000000   Number         0  printf_stubs.o ABSOLUTE
    _printf_return_value                     0x00000000   Number         0  printf_stubs.o ABSOLUTE
    _printf_sizespec                         0x00000000   Number         0  printf_stubs.o ABSOLUTE
    _printf_widthprec                        0x00000000   Number         0  printf_stubs.o ABSOLUTE
    __ARM_exceptions_init                     - Undefined Weak Reference
    __alloca_initialize                       - Undefined Weak Reference
    __arm_preinit_                            - Undefined Weak Reference
    __arm_relocate_pie_                       - Undefined Weak Reference
    __cpp_initialize__aeabi_                  - Undefined Weak Reference
    __cxa_finalize                            - Undefined Weak Reference
    __sigvec_lookup                           - Undefined Weak Reference
    _atexit_init                              - Undefined Weak Reference
    _call_atexit_fns                          - Undefined Weak Reference
    _clock_init                               - Undefined Weak Reference
    _fp_trap_init                             - Undefined Weak Reference
    _fp_trap_shutdown                         - Undefined Weak Reference
    _get_lc_collate                           - Undefined Weak Reference
    _get_lc_monetary                          - Undefined Weak Reference
    _get_lc_time                              - Undefined Weak Reference
    _getenv_init                              - Undefined Weak Reference
    _handle_redirection                       - Undefined Weak Reference
    _init_alloc                               - Undefined Weak Reference
    _init_user_alloc                          - Undefined Weak Reference
    _initio                                   - Undefined Weak Reference
    _printf_mbtowc                            - Undefined Weak Reference
    _printf_wc                                - Undefined Weak Reference
    _rand_init                                - Undefined Weak Reference
    _signal_finish                            - Undefined Weak Reference
    _signal_init                              - Undefined Weak Reference
    _terminate_alloc                          - Undefined Weak Reference
    _terminate_user_alloc                     - Undefined Weak Reference
    _terminateio                              - Undefined Weak Reference
    __Vectors_End                            0x0000026c   Data           0  startup_tm4c123.o(RESET)
    __Vectors_Size                           0x0000026c   Number         0  startup_tm4c123.o ABSOLUTE
    __main                                   0x0000026d   Thumb Code     8  __main.o(!!!main)
    __scatterload                            0x00000275   Thumb Code     0  __scatter.o(!!!scatter)
    __scatterload_rt2                        0x00000275   Thumb Code    84  __scatter.o(!!!scatter)
    __scatterload_rt2_thumb_only             0x00000275   Thumb Code     0  __scatter.o(!!!scatter)
    __scatterload_loop                       0x0000027f   Thumb Code     0  __scatter.o(!!!scatter)
    __scatterload_null                       0x000002d1   Thumb Code     2  __scatter.o(!!handler_null)
    __scatterload_zeroinit                   0x000002d5   Thumb Code    28  __scatter_zi.o(!!handler_zi)
    _printf_n                                0x000002f1   Thumb Code     0  _printf_n.o(.ARM.Collect$$_printf_percent$$00000001)
    _printf_percent                          0x000002f1   Thumb Code     0  _printf_percent.o(.ARM.Collect$$_printf_percent$$00000000)
    _printf_p                                0x000002f7   Thumb Code     0  _printf_p.o(.ARM.Collect$$_printf_percent$$00000002)
    _printf_f                                0x000002fd   Thumb Code     0  _printf_f.o(.ARM.Collect$$_printf_percent$$00000003)
    _printf_e                                0x00000303   Thumb Code     0  _printf_e.o(.ARM.Collect$$_printf_percent$$00000004)
    _printf_g                                0x00000309   Thumb Code     0  _printf_g.o(.ARM.Collect$$_printf_percent$$00000005)
    _printf_a                                0x0000030f   Thumb Code     0  _printf_a.o(.ARM.Collect$$_printf_percent$$00000006)
    _printf_ll                               0x00000315   Thumb Code     0  _printf_ll.o(.ARM.Collect$$_printf_percent$$00000007)
    _printf_i                                0x0000031f   Thumb Code     0  _printf_i.o(.ARM.Collect$$_printf_percent$$00000008)
    _printf_d                                0x00000325   Thumb Code     0  _printf_d.o(.ARM.Collect$$_printf_percent$$00000009)
    _printf_u                                0x0000032b   Thumb Code     0  _printf_u.o(.ARM.Collect$$_printf_percent$$0000000A)
    _printf_o                                0x00000331   Thumb Code     0  _printf_o.o(.ARM.Collect$$_printf_percent$$0000000B)
    _printf_x                                0x00000337   Thumb Code     0  _printf_x.o(.ARM.Collect$$_printf_percent$$0000000C)
    _printf_lli                              0x0000033d   Thumb Code     0  _printf_lli.o(.ARM.Collect$$_printf_percent$$0000000D)
    _printf_lld                              0x00000343   Thumb Code     0  _printf_lld.o(.ARM.Collect$$_printf_percent$$0000000E)
    _printf_llu                              0x00000349   Thumb Code     0  _printf_llu.o(.ARM.Collect$$_printf_percent$$0000000F)
    _printf_llo                              0x0000034f   Thumb Code     0  _printf_llo.o(.ARM.Collect$$_printf_percent$$00000010)
    _printf_llx                              0x00000355   Thumb Code     0  _printf_llx.o(.ARM.Collect$$_printf_percent$$00000011)
    _printf_l                                0x0000035b   Thumb Code     0  _printf_l.o(.ARM.Collect$$_printf_percent$$00000012)
    _printf_c                                0x00000365   Thumb Code     0  _printf_c.o(.ARM.Collect$$_printf_percent$$00000013)
    _printf_s                                0x0000036b   Thumb Code     0  _printf_s.o(.ARM.Collect$$_printf_percent$$00000014)
    _printf_lc                               0x00000371   Thumb Code     0  _printf_lc.o(.ARM.Collect$$_printf_percent$$00000015)
    _printf_ls                               0x00000377   Thumb Code     0  _printf_ls.o(.ARM.Collect$$_printf_percent$$00000016)
    _printf_percent_end                      0x0000037d   Thumb Code     0  _printf_percent_end.o(.ARM.Collect$$_printf_percent$$00000017)
    __rt_lib_init                            0x00000381   Thumb Code     0  libinit.o(.ARM.Collect$$libinit$$00000000)
    __rt_lib_init_fp_1                       0x00000383   Thumb Code     0  libinit2.o(.ARM.Collect$$libinit$$00000001)
    __rt_lib_init_heap_1                     0x00000387   Thumb Code     0  libinit2.o(.ARM.Collect$$libinit$$0000000C)
    __rt_lib_init_lc_common                  0x00000387   Thumb Code     0  libinit2.o(.ARM.Collect$$libinit$$00000011)
    __rt_lib_init_preinit_1                  0x00000387   Thumb Code     0  libinit2.o(.ARM.Collect$$libinit$$00000006)
    __rt_lib_init_rand_1                     0x00000387   Thumb Code     0  libinit2.o(.ARM.Collect$$libinit$$00000010)
    __rt_lib_init_relocate_pie_1             0x00000387   Thumb Code     0  libinit2.o(.ARM.Collect$$libinit$$00000004)
    __rt_lib_init_user_alloc_1               0x00000387   Thumb Code     0  libinit2.o(.ARM.Collect$$libinit$$0000000E)
    __rt_lib_init_lc_collate_1               0x0000038d   Thumb Code     0  libinit2.o(.ARM.Collect$$libinit$$00000013)
    __rt_lib_init_lc_ctype_2                 0x0000038d   Thumb Code     0  libinit2.o(.ARM.Collect$$libinit$$00000014)
    __rt_lib_init_lc_ctype_1                 0x00000399   Thumb Code     0  libinit2.o(.ARM.Collect$$libinit$$00000015)
    __rt_lib_init_lc_monetary_1              0x00000399   Thumb Code     0  libinit2.o(.ARM.Collect$$libinit$$00000017)
    __rt_lib_init_lc_numeric_2               0x00000399   Thumb Code     0  libinit2.o(.ARM.Collect$$libinit$$00000018)
    __rt_lib_init_alloca_1                   0x000003a3   Thumb Code     0  libinit2.o(.ARM.Collect$$libinit$$00000030)
    __rt_lib_init_argv_1                     0x000003a3   Thumb Code     0  libinit2.o(.ARM.Collect$$libinit$$0000002E)
    __rt_lib_init_atexit_1                   0x000003a3   Thumb Code     0  libinit2.o(.ARM.Collect$$libinit$$0000001D)
    __rt_lib_init_clock_1                    0x000003a3   Thumb Code     0  libinit2.o(.ARM.Collect$$libinit$$00000023)
    __rt_lib_init_cpp_1                      0x000003a3   Thumb Code     0  libinit2.o(.ARM.Collect$$libinit$$00000034)
    __rt_lib_init_exceptions_1               0x000003a3   Thumb Code     0  libinit2.o(.ARM.Collect$$libinit$$00000032)
    __rt_lib_init_fp_trap_1                  0x000003a3   Thumb Code     0  libinit2.o(.ARM.Collect$$libinit$$00000021)
    __rt_lib_init_getenv_1                   0x000003a3   Thumb Code     0  libinit2.o(.ARM.Collect$$libinit$$00000025)
    __rt_lib_init_lc_numeric_1               0x000003a3   Thumb Code     0  libinit2.o(.ARM.Collect$$libinit$$00000019)
    __rt_lib_init_lc_time_1                  0x000003a3   Thumb Code     0  libinit2.o(.ARM.Collect$$libinit$$0000001B)
    __rt_lib_init_return                     0x000003a3   Thumb Code     0  libinit2.o(.ARM.Collect$$libinit$$00000035)
    __rt_lib_init_signal_1                   0x000003a3   Thumb Code     0  libinit2.o(.ARM.Collect$$libinit$$0000001F)
    __rt_lib_init_stdio_1                    0x000003a3   Thumb Code     0  libinit2.o(.ARM.Collect$$libinit$$00000027)
    __rt_lib_shutdown                        0x000003a5   Thumb Code     0  libshutdown.o(.ARM.Collect$$libshutdown$$00000000)
    __rt_lib_shutdown_cpp_1                  0x000003a7   Thumb Code     0  libshutdown2.o(.ARM.Collect$$libshutdown$$00000002)
    __rt_lib_shutdown_fp_trap_1              0x000003a7   Thumb Code     0  libshutdown2.o(.ARM.Collect$$libshutdown$$00000007)
    __rt_lib_shutdown_heap_1                 0x000003a7   Thumb Code     0  libshutdown2.o(.ARM.Collect$$libshutdown$$0000000F)
    __rt_lib_shutdown_return                 0x000003a7   Thumb Code     0  libshutdown2.o(.ARM.Collect$$libshutdown$$00000010)
    __rt_lib_shutdown_signal_1               0x000003a7   Thumb Code     0  libshutdown2.o(.ARM.Collect$$libshutdown$$0000000A)
    __rt_lib_shutdown_stdio_1                0x000003a7   Thumb Code     0  libshutdown2.o(.ARM.Collect$$libshutdown$$00000004)
    __rt_lib_shutdown_user_alloc_1           0x000003a7   Thumb Code     0  libshutdown2.o(.ARM.Collect$$libshutdown$$0000000C)
    __rt_entry                               0x000003a9   Thumb Code     0  __rtentry.o(.ARM.Collect$$rtentry$$00000000)
    __rt_entry_presh_1                       0x000003a9   Thumb Code     0  __rtentry2.o(.ARM.Collect$$rtentry$$00000002)
    __rt_entry_sh                            0x000003a9   Thumb Code     0  __rtentry4.o(.ARM.Collect$$rtentry$$00000004)
    __rt_entry_li                            0x000003af   Thumb Code     0  __rtentry2.o(.ARM.Collect$$rtentry$$0000000A)
    __rt_entry_postsh_1                      0x000003af   Thumb Code     0  __rtentry2.o(.ARM.Collect$$rtentry$$00000009)
    __rt_entry_main                          0x000003b3   Thumb Code     0  __rtentry2.o(.ARM.Collect$$rtentry$$0000000D)
    __rt_entry_postli_1                      0x000003b3   Thumb Code     0  __rtentry2.o(.ARM.Collect$$rtentry$$0000000C)
    __rt_exit                                0x000003bb   Thumb Code     0  rtexit.o(.ARM.Collect$$rtexit$$00000000)
    __rt_exit_ls                             0x000003bd   Thumb Code     0  rtexit2.o(.ARM.Collect$$rtexit$$00000003)
    __rt_exit_prels_1                        0x000003bd   Thumb Code     0  rtexit2.o(.ARM.Collect$$rtexit$$00000002)
    __rt_exit_exit                           0x000003c1   Thumb Code     0  rtexit2.o(.ARM.Collect$$rtexit$$00000004)
    Reset_Handler                            0x000003c9   Thumb Code     8  startup_tm4c123.o(.text)
    NMI_Handler                              0x000003d1   Thumb Code     2  startup_tm4c123.o(.text)
    HardFault_Handler                        0x000003d3   Thumb Code     2  startup_tm4c123.o(.text)
    MemManage_Handler                        0x000003d5   Thumb Code     2  startup_tm4c123.o(.text)
    BusFault_Handler                         0x000003d7   Thumb Code     2  startup_tm4c123.o(.text)
    UsageFault_Handler                       0x000003d9   Thumb Code     2  startup_tm4c123.o(.text)
    SVC_Handler                              0x000003db   Thumb Code     2  startup_tm4c123.o(.text)
    DebugMon_Handler                         0x000003dd   Thumb Code     2  startup_tm4c123.o(.text)
    PendSV_Handler                           0x000003df   Thumb Code     2  startup_tm4c123.o(.text)
    GPIOA_Handler                            0x000003e3   Thumb Code     2  startup_tm4c123.o(.text)
    GPIOB_Handler                            0x000003e5   Thumb Code     2  startup_tm4c123.o(.text)
    GPIOC_Handler                            0x000003e7   Thumb Code     2  startup_tm4c123.o(.text)
    GPIOD_Handler                            0x000003e9   Thumb Code     2  startup_tm4c123.o(.text)
    GPIOE_Handler                            0x000003eb   Thumb Code     2  startup_tm4c123.o(.text)
    UART0_Handler                            0x000003ed   Thumb Code     2  startup_tm4c123.o(.text)
    UART1_Handler                            0x000003ef   Thumb Code     2  startup_tm4c123.o(.text)
    SSI0_Handler                             0x000003f1   Thumb Code     2  startup_tm4c123.o(.text)
    I2C0_Handler                             0x000003f3   Thumb Code     2  startup_tm4c123.o(.text)
    PMW0_FAULT_Handler                       0x000003f5   Thumb Code     2  startup_tm4c123.o(.text)
    PWM0_0_Handler                           0x000003f7   Thumb Code     2  startup_tm4c123.o(.text)
    PWM0_1_Handler                           0x000003f9   Thumb Code     2  startup_tm4c123.o(.text)
    PWM0_2_Handler                           0x000003fb   Thumb Code     2  startup_tm4c123.o(.text)
    QEI0_Handler                             0x000003fd   Thumb Code     2  startup_tm4c123.o(.text)
    ADC0SS0_Handler                          0x000003ff   Thumb Code     2  startup_tm4c123.o(.text)
    ADC0SS1_Handler                          0x00000401   Thumb Code     2  startup_tm4c123.o(.text)
    ADC0SS2_Handler                          0x00000403   Thumb Code     2  startup_tm4c123.o(.text)
    ADC0SS3_Handler                          0x00000405   Thumb Code     2  startup_tm4c123.o(.text)
    WDT0_Handler                             0x00000407   Thumb Code     2  startup_tm4c123.o(.text)
    TIMER0A_Handler                          0x00000409   Thumb Code     2  startup_tm4c123.o(.text)
    TIMER0B_Handler                          0x0000040b   Thumb Code     2  startup_tm4c123.o(.text)
    TIMER1A_Handler                          0x0000040d   Thumb Code     2  startup_tm4c123.o(.text)
    TIMER1B_Handler                          0x0000040f   Thumb Code     2  startup_tm4c123.o(.text)
    TIMER2A_Handler                          0x00000411   Thumb Code     2  startup_tm4c123.o(.text)
    TIMER2B_Handler                          0x00000413   Thumb Code     2  startup_tm4c123.o(.text)
    COMP0_Handler                            0x00000415   Thumb Code     2  startup_tm4c123.o(.text)
    COMP1_Handler                            0x00000417   Thumb Code     2  startup_tm4c123.o(.text)
    COMP2_Handler                            0x00000419   Thumb Code     2  startup_tm4c123.o(.text)
    SYSCTL_Handler                           0x0000041b   Thumb Code     2  startup_tm4c123.o(.text)
    FLASH_Handler                            0x0000041d   Thumb Code     2  startup_tm4c123.o(.text)
    GPIOF_Handler                            0x0000041f   Thumb Code     2  startup_tm4c123.o(.text)
    GPIOG_Handler                            0x00000421   Thumb Code     2  startup_tm4c123.o(.text)
    GPIOH_Handler                            0x00000423   Thumb Code     2  startup_tm4c123.o(.text)
    UART2_Handler                            0x00000425   Thumb Code     2  startup_tm4c123.o(.text)
    SSI1_Handler                             0x00000427   Thumb Code     2  startup_tm4c123.o(.text)
    TIMER3A_Handler                          0x00000429   Thumb Code     2  startup_tm4c123.o(.text)
    TIMER3B_Handler                          0x0000042b   Thumb Code     2  startup_tm4c123.o(.text)
    I2C1_Handler                             0x0000042d   Thumb Code     2  startup_tm4c123.o(.text)
    QEI1_Handler                             0x0000042f   Thumb Code     2  startup_tm4c123.o(.text)
    CAN0_Handler                             0x00000431   Thumb Code     2  startup_tm4c123.o(.text)
    CAN1_Handler                             0x00000433   Thumb Code     2  startup_tm4c123.o(.text)
    CAN2_Handler                             0x00000435   Thumb Code     2  startup_tm4c123.o(.text)
    HIB_Handler                              0x00000437   Thumb Code     2  startup_tm4c123.o(.text)
    USB0_Handler                             0x00000439   Thumb Code     2  startup_tm4c123.o(.text)
    PWM0_3_Handler                           0x0000043b   Thumb Code     2  startup_tm4c123.o(.text)
    UDMA_Handler                             0x0000043d   Thumb Code     2  startup_tm4c123.o(.text)
    UDMAERR_Handler                          0x0000043f   Thumb Code     2  startup_tm4c123.o(.text)
    ADC1SS0_Handler                          0x00000441   Thumb Code     2  startup_tm4c123.o(.text)
    ADC1SS1_Handler                          0x00000443   Thumb Code     2  startup_tm4c123.o(.text)
    ADC1SS2_Handler                          0x00000445   Thumb Code     2  startup_tm4c123.o(.text)
    ADC1SS3_Handler                          0x00000447   Thumb Code     2  startup_tm4c123.o(.text)
    GPIOJ_Handler                            0x00000449   Thumb Code     2  startup_tm4c123.o(.text)
    GPIOK_Handler                            0x0000044b   Thumb Code     2  startup_tm4c123.o(.text)
    GPIOL_Handler                            0x0000044d   Thumb Code     2  startup_tm4c123.o(.text)
    SSI2_Handler                             0x0000044f   Thumb Code     2  startup_tm4c123.o(.text)
    SSI3_Handler                             0x00000451   Thumb Code     2  startup_tm4c123.o(.text)
    UART3_Handler                            0x00000453   Thumb Code     2  startup_tm4c123.o(.text)
    UART4_Handler                            0x00000455   Thumb Code     2  startup_tm4c123.o(.text)
    UART5_Handler                            0x00000457   Thumb Code     2  startup_tm4c123.o(.text)
    UART6_Handler                            0x00000459   Thumb Code     2  startup_tm4c123.o(.text)
    UART7_Handler                            0x0000045b   Thumb Code     2  startup_tm4c123.o(.text)
    I2C2_Handler                             0x0000045d   Thumb Code     2  startup_tm4c123.o(.text)
    I2C3_Handler                             0x0000045f   Thumb Code     2  startup_tm4c123.o(.text)
    TIMER4A_Handler                          0x00000461   Thumb Code     2  startup_tm4c123.o(.text)
    TIMER4B_Handler                          0x00000463   Thumb Code     2  startup_tm4c123.o(.text)
    TIMER5A_Handler                          0x00000465   Thumb Code     2  startup_tm4c123.o(.text)
    TIMER5B_Handler                          0x00000467   Thumb Code     2  startup_tm4c123.o(.text)
    WTIMER0A_Handler                         0x00000469   Thumb Code     2  startup_tm4c123.o(.text)
    WTIMER0B_Handler                         0x0000046b   Thumb Code     2  startup_tm4c123.o(.text)
    WTIMER1A_Handler                         0x0000046d   Thumb Code     2  startup_tm4c123.o(.text)
    WTIMER1B_Handler                         0x0000046f   Thumb Code     2  startup_tm4c123.o(.text)
    WTIMER2A_Handler                         0x00000471   Thumb Code     2  startup_tm4c123.o(.text)
    WTIMER2B_Handler                         0x00000473   Thumb Code     2  startup_tm4c123.o(.text)
    WTIMER3A_Handler                         0x00000475   Thumb Code     2  startup_tm4c123.o(.text)
    WTIMER3B_Handler                         0x00000477   Thumb Code     2  startup_tm4c123.o(.text)
    WTIMER4A_Handler                         0x00000479   Thumb Code     2  startup_tm4c123.o(.text)
    WTIMER4B_Handler                         0x0000047b   Thumb Code     2  startup_tm4c123.o(.text)
    WTIMER5A_Handler                         0x0000047d   Thumb Code     2  startup_tm4c123.o(.text)
    WTIMER5B_Handler                         0x0000047f   Thumb Code     2  startup_tm4c123.o(.text)
    FPU_Handler                              0x00000481   Thumb Code     2  startup_tm4c123.o(.text)
    I2C4_Handler                             0x00000483   Thumb Code     2  startup_tm4c123.o(.text)
    I2C5_Handler                             0x00000485   Thumb Code     2  startup_tm4c123.o(.text)
    GPIOM_Handler                            0x00000487   Thumb Code     2  startup_tm4c123.o(.text)
    GPION_Handler                            0x00000489   Thumb Code     2  startup_tm4c123.o(.text)
    QEI2_Handler                             0x0000048b   Thumb Code     2  startup_tm4c123.o(.text)
    GPIOP0_Handler                           0x0000048d   Thumb Code     2  startup_tm4c123.o(.text)
    GPIOP1_Handler                           0x0000048f   Thumb Code     2  startup_tm4c123.o(.text)
    GPIOP2_Handler                           0x00000491   Thumb Code     2  startup_tm4c123.o(.text)
    GPIOP3_Handler                           0x00000493   Thumb Code     2  startup_tm4c123.o(.text)
    GPIOP4_Handler                           0x00000495   Thumb Code     2  startup_tm4c123.o(.text)
    GPIOP5_Handler                           0x00000497   Thumb Code     2  startup_tm4c123.o(.text)
    GPIOP6_Handler                           0x00000499   Thumb Code     2  startup_tm4c123.o(.text)
    GPIOP7_Handler                           0x0000049b   Thumb Code     2  startup_tm4c123.o(.text)
    GPIOQ0_Handler                           0x0000049d   Thumb Code     2  startup_tm4c123.o(.text)
    GPIOQ1_Handler                           0x0000049f   Thumb Code     2  startup_tm4c123.o(.text)
    GPIOQ2_Handler                           0x000004a1   Thumb Code     2  startup_tm4c123.o(.text)
    GPIOQ3_Handler                           0x000004a3   Thumb Code     2  startup_tm4c123.o(.text)
    GPIOQ4_Handler                           0x000004a5   Thumb Code     2  startup_tm4c123.o(.text)
    GPIOQ5_Handler                           0x000004a7   Thumb Code     2  startup_tm4c123.o(.text)
    GPIOQ6_Handler                           0x000004a9   Thumb Code     2  startup_tm4c123.o(.text)
    GPIOQ7_Handler                           0x000004ab   Thumb Code     2  startup_tm4c123.o(.text)
    GPIOR_Handler                            0x000004ad   Thumb Code     2  startup_tm4c123.o(.text)
    GPIOS_Handler                            0x000004af   Thumb Code     2  startup_tm4c123.o(.text)
    PMW1_0_Handler                           0x000004b1   Thumb Code     2  startup_tm4c123.o(.text)
    PWM1_1_Handler                           0x000004b3   Thumb Code     2  startup_tm4c123.o(.text)
    PWM1_2_Handler                           0x000004b5   Thumb Code     2  startup_tm4c123.o(.text)
    PWM1_3_Handler                           0x000004b7   Thumb Code     2  startup_tm4c123.o(.text)
    PWM1_FAULT_Handler                       0x000004b9   Thumb Code     2  startup_tm4c123.o(.text)
    __user_initial_stackheap                 0x000004bd   Thumb Code     0  startup_tm4c123.o(.text)
    snprintf                                 0x000004dd   Thumb Code    58  snprintf.o(.text)
    sscanf                                   0x0000051d   Thumb Code    52  sscanf.o(.text)
    strcpy                                   0x00000559   Thumb Code    72  strcpy.o(.text)
    strncmp                                  0x000005a1   Thumb Code   150  strncmp.o(.text)
    __use_two_region_memory                  0x00000637   Thumb Code     2  heapauxi.o(.text)
    __rt_heap_escrow$2region                 0x00000639   Thumb Code     2  heapauxi.o(.text)
    __rt_heap_expand$2region                 0x0000063b   Thumb Code     2  heapauxi.o(.text)
    _printf_pre_padding                      0x0000063d   Thumb Code    44  _printf_pad.o(.text)
    _printf_post_padding                     0x00000669   Thumb Code    34  _printf_pad.o(.text)
    _printf_truncate_signed                  0x0000068b   Thumb Code    18  _printf_truncate.o(.text)
    _printf_truncate_unsigned                0x0000069d   Thumb Code    18  _printf_truncate.o(.text)
    _printf_str                              0x000006af   Thumb Code    82  _printf_str.o(.text)
    _printf_int_dec                          0x00000701   Thumb Code   104  _printf_dec.o(.text)
    _printf_charcount                        0x00000779   Thumb Code    40  _printf_charcount.o(.text)
    _printf_char_common                      0x000007ab   Thumb Code    32  _printf_char_common.o(.text)
    _snputc                                  0x000007d1   Thumb Code    16  _snputc.o(.text)
    _printf_wctomb                           0x000007e1   Thumb Code   182  _printf_wctomb.o(.text)
    _printf_longlong_dec                     0x0000089d   Thumb Code   108  _printf_longlong_dec.o(.text)
    _printf_longlong_oct                     0x00000919   Thumb Code    68  _printf_oct_int_ll.o(.text)
    _printf_int_oct                          0x0000095d   Thumb Code    24  _printf_oct_int_ll.o(.text)
    _printf_ll_oct                           0x00000975   Thumb Code    12  _printf_oct_int_ll.o(.text)
    _printf_longlong_hex                     0x00000989   Thumb Code    86  _printf_hex_int_ll_ptr.o(.text)
    _printf_int_hex                          0x000009df   Thumb Code    28  _printf_hex_int_ll_ptr.o(.text)
    _printf_ll_hex                           0x000009fb   Thumb Code    12  _printf_hex_int_ll_ptr.o(.text)
    _printf_hex_ptr                          0x00000a07   Thumb Code    18  _printf_hex_int_ll_ptr.o(.text)
    __printf                                 0x00000a1d   Thumb Code   388  __printf_flags_ss_wp.o(.text)
    _scanf_longlong                          0x00000ba5   Thumb Code   342  _scanf_longlong.o(.text)
    _scanf_int                               0x00000cfb   Thumb Code   332  _scanf_int.o(.text)
    _scanf_string                            0x00000e47   Thumb Code   224  _scanf_str.o(.text)
    __vfscanf_char                           0x00000f35   Thumb Code    24  scanf_char.o(.text)
    _sgetc                                   0x00000f55   Thumb Code    30  _sgetc.o(.text)
    _sbackspace                              0x00000f73   Thumb Code    34  _sgetc.o(.text)
    _scanf_mbtowc                            0x00000f95   Thumb Code   276  _scanf_mbtowc.o(.text)
    _scanf_wctomb                            0x000010a9   Thumb Code   232  _scanf_wctomb.o(.text)
    _scanf_wstring                           0x00001191   Thumb Code   208  _scanf_wstr.o(.text)
    _ll_udiv10                               0x00001261   Thumb Code   138  lludiv10.o(.text)
    isspace                                  0x000012eb   Thumb Code    18  isspace.o(.text)
    _printf_int_common                       0x000012fd   Thumb Code   178  _printf_intcommon.o(.text)
    _printf_fp_dec_real                      0x0000155f   Thumb Code   620  _printf_fp_dec.o(.text)
    _printf_fp_hex_real                      0x000017cd   Thumb Code   756  _printf_fp_hex.o(.text)
    _printf_cs_common                        0x00001ac9   Thumb Code    20  _printf_char.o(.text)
    _printf_char                             0x00001add   Thumb Code    16  _printf_char.o(.text)
    _printf_string                           0x00001aed   Thumb Code     8  _printf_char.o(.text)
    _printf_lcs_common                       0x00001af5   Thumb Code    20  _printf_wchar.o(.text)
    _printf_wchar                            0x00001b09   Thumb Code    16  _printf_wchar.o(.text)
    _printf_wstring                          0x00001b19   Thumb Code     8  _printf_wchar.o(.text)
    _chval                                   0x00001b21   Thumb Code    28  _chval.o(.text)
    __vfscanf                                0x00001b3d   Thumb Code   878  _scanf.o(.text)
    _scanf_really_real                       0x000020fd   Thumb Code   684  scanf_fp.o(.text)
    _scanf_wcharmap                          0x000023a9   Thumb Code    30  _scanf_wcharmap.o(.text)
    _mbrtoc16                                0x000023c7   Thumb Code    64  _mbrtoc16.o(.text)
    _mbrtowc                                 0x000023c7   Thumb Code     0  _mbrtoc16.o(.text)
    _c16rtomb                                0x00002407   Thumb Code    72  _c16rtomb.o(.text)
    _wcrtomb                                 0x00002407   Thumb Code     0  _c16rtomb.o(.text)
    __user_setup_stackheap                   0x0000244f   Thumb Code    74  sys_stackheap_outer.o(.text)
    __rt_ctype_table                         0x00002499   Thumb Code    16  rt_ctype_table.o(.text)
    __rt_locale                              0x000024a9   Thumb Code     8  rt_locale_intlibspace.o(.text)
    __aeabi_errno_addr                       0x000024b1   Thumb Code     8  rt_errno_addr_intlibspace.o(.text)
    __errno$intlibspace                      0x000024b1   Thumb Code     0  rt_errno_addr_intlibspace.o(.text)
    __rt_errno_addr$intlibspace              0x000024b1   Thumb Code     0  rt_errno_addr_intlibspace.o(.text)
    __aeabi_llsl                             0x000024b9   Thumb Code     0  llshl.o(.text)
    _ll_shift_l                              0x000024b9   Thumb Code    38  llshl.o(.text)
    _printf_fp_infnan                        0x000024e1   Thumb Code   112  _printf_fp_infnan.o(.text)
    _btod_etento                             0x00002561   Thumb Code   224  bigflt0.o(.text)
    exit                                     0x00002645   Thumb Code    18  exit.o(.text)
    __user_libspace                          0x00002659   Thumb Code     8  libspace.o(.text)
    __user_perproc_libspace                  0x00002659   Thumb Code     0  libspace.o(.text)
    __user_perthread_libspace                0x00002659   Thumb Code     0  libspace.o(.text)
    __read_errno                             0x00002661   Thumb Code    10  _rserrno.o(.text)
    __set_errno                              0x0000266b   Thumb Code    12  _rserrno.o(.text)
    _scanf_really_hex_real                   0x00002679   Thumb Code   786  scanf_hexfp.o(.text)
    _scanf_really_infnan                     0x00002999   Thumb Code   292  scanf_infnan.o(.text)
    strcmp                                   0x00002ad1   Thumb Code   124  strcmpv7em.o(.text)
    _sys_exit                                0x00002b4d   Thumb Code     8  sys_exit.o(.text)
    __I$use$semihosting                      0x00002b59   Thumb Code     0  use_no_semi.o(.text)
    __use_no_semihosting_swi                 0x00002b59   Thumb Code     2  use_no_semi.o(.text)
    __semihosting_library_function           0x00002b5b   Thumb Code     0  indicate_semi.o(.text)
    PWM0_0_Init                              0x00002b5d   Thumb Code   224  pwm0_0.o(.text.PWM0_0_Init)
    PWM0_0_Update_Duty_Cycle                 0x00002c3d   Thumb Code    26  pwm0_0.o(.text.PWM0_0_Update_Duty_Cycle)
    PWM0_4_5_Init                            0x00002c59   Thumb Code   326  pwm0_4_5.o(.text.PWM0_4_5_Init)
    PWM0_4_Update_Duty_Cycle                 0x00002da1   Thumb Code    26  pwm0_4_5.o(.text.PWM0_4_Update_Duty_Cycle)
    PWM0_5_Update_Duty_Cycle                 0x00002dbd   Thumb Code    26  pwm0_4_5.o(.text.PWM0_5_Update_Duty_Cycle)
    PWM_Clock_Init                           0x00002dd9   Thumb Code    34  pwm_clock.o(.text.PWM_Clock_Init)
    PWM_Motor_Backward                       0x00002dfd   Thumb Code    54  pwm0_4_5.o(.text.PWM_Motor_Backward)
    PWM_Motor_Forward                        0x00002e35   Thumb Code    54  pwm0_4_5.o(.text.PWM_Motor_Forward)
    PWM_Motor_Stop                           0x00002e6d   Thumb Code    46  pwm0_4_5.o(.text.PWM_Motor_Stop)
    RGB_LED_Init                             0x00002e9d   Thumb Code    82  gpio.o(.text.RGB_LED_Init)
    RGB_LED_Output                           0x00002ef1   Thumb Code    32  gpio.o(.text.RGB_LED_Output)
    Run_Autonomous_StateMachine              0x00002f11   Thumb Code   840  main.o(.text.Run_Autonomous_StateMachine)
    SysTick_Delay1ms                         0x00003259   Thumb Code    76  systick_delay.o(.text.SysTick_Delay1ms)
    SysTick_Delay1us                         0x000032a5   Thumb Code    42  systick_delay.o(.text.SysTick_Delay1us)
    SysTick_Delay_Init                       0x000032d1   Thumb Code    42  systick_delay.o(.text.SysTick_Delay_Init)
    SysTick_GetMillis                        0x000032fd   Thumb Code    12  systick_delay.o(.text.SysTick_GetMillis)
    SysTick_Handler                          0x00003309   Thumb Code    86  systick_delay.o(.text.SysTick_Handler)
    SystemInit                               0x00003361   Thumb Code   268  system_tm4c123.o(.text.SystemInit)
    UART0_Init                               0x0000346d   Thumb Code   194  uart0.o(.text.UART0_Init)
    UART0_Output_Character                   0x00003531   Thumb Code    46  uart0.o(.text.UART0_Output_Character)
    UART0_Output_Newline                     0x00003561   Thumb Code    16  uart0.o(.text.UART0_Output_Newline)
    UART0_Output_String                      0x00003571   Thumb Code    36  uart0.o(.text.UART0_Output_String)
    UART0_Output_Unsigned_Decimal            0x00003595   Thumb Code    72  uart0.o(.text.UART0_Output_Unsigned_Decimal)
    UART3_DataAvailable                      0x000035dd   Thumb Code    44  uart3.o(.text.UART3_DataAvailable)
    UART3_Init                               0x00003609   Thumb Code   210  uart3.o(.text.UART3_Init)
    UART3_Input_Character                    0x000036dd   Thumb Code    36  uart3.o(.text.UART3_Input_Character)
    Ultrasonic_Init                          0x00003701   Thumb Code   112  ultra_sonic.o(.text.Ultrasonic_Init)
    Ultrasonic_ReadDistanceCM                0x00003771   Thumb Code    30  ultra_sonic.o(.text.Ultrasonic_ReadDistanceCM)
    Ultrasonic_ReadPulse                     0x00003791   Thumb Code   156  ultra_sonic.o(.text.Ultrasonic_ReadPulse)
    Update_Local_Sensors                     0x0000382d   Thumb Code    46  main.o(.text.Update_Local_Sensors)
    main                                     0x00003b11   Thumb Code   456  main.o(.text.main)
    _btod_d2e                                0x00003dd9   Thumb Code    62  btod.o(CL$$btod_d2e)
    _d2e_denorm_low                          0x00003e17   Thumb Code    70  btod.o(CL$$btod_d2e_denorm_low)
    _d2e_norm_op1                            0x00003e5d   Thumb Code    96  btod.o(CL$$btod_d2e_norm_op1)
    __btod_div_common                        0x00003ebd   Thumb Code   696  btod.o(CL$$btod_div_common)
    _e2d                                     0x000041f5   Thumb Code   122  btod.o(CL$$btod_e2d)
    _e2e                                     0x00004279   Thumb Code   220  btod.o(CL$$btod_e2e)
    _btod_ediv                               0x00004355   Thumb Code    42  btod.o(CL$$btod_ediv)
    _btod_edivd                              0x0000437f   Thumb Code    42  btod.o(CL$$btod_edivd)
    _btod_emul                               0x000043a9   Thumb Code    42  btod.o(CL$$btod_emul)
    _btod_emuld                              0x000043d3   Thumb Code    42  btod.o(CL$$btod_emuld)
    __btod_mult_common                       0x000043fd   Thumb Code   580  btod.o(CL$$btod_mult_common)
    __ARM_fpclassify                         0x00004641   Thumb Code    48  fpclassify.o(i.__ARM_fpclassify)
    __hardfp___mathlib_tofloat               0x00004671   Thumb Code   232  narrow.o(i.__hardfp___mathlib_tofloat)
    __hardfp_ldexp                           0x00004769   Thumb Code   200  ldexp.o(i.__hardfp_ldexp)
    __mathlib_dbl_overflow                   0x00004839   Thumb Code    24  dunder.o(i.__mathlib_dbl_overflow)
    __mathlib_dbl_underflow                  0x00004859   Thumb Code    24  dunder.o(i.__mathlib_dbl_underflow)
    __mathlib_narrow                         0x00004879   Thumb Code    18  narrow.o(i.__mathlib_narrow)
    __support_ldexp                          0x0000488b   Thumb Code    20  ldexp.o(i.__support_ldexp)
    _is_digit                                0x0000489f   Thumb Code    14  __printf_wp.o(i._is_digit)
    frexp                                    0x000048b1   Thumb Code   118  frexp.o(i.frexp)
    _get_lc_numeric                          0x0000493d   Thumb Code    44  lc_numeric_c.o(locale$$code)
    _get_lc_ctype                            0x00004969   Thumb Code    44  lc_ctype_c.o(locale$$code)
    __aeabi_d2f                              0x00004995   Thumb Code     0  d2f.o(x$fpl$d2f)
    _d2f                                     0x00004995   Thumb Code    98  d2f.o(x$fpl$d2f)
    __fpl_dcheck_NaN1                        0x000049f9   Thumb Code    10  dcheck1.o(x$fpl$dcheck1)
    __fpl_dcmp_Inf                           0x00004a09   Thumb Code    24  dcmpi.o(x$fpl$dcmpinf)
    __aeabi_cdcmpeq                          0x00004a21   Thumb Code     0  deqf.o(x$fpl$deqf)
    _dcmpeq                                  0x00004a21   Thumb Code   120  deqf.o(x$fpl$deqf)
    __aeabi_cdcmple                          0x00004a99   Thumb Code     0  dleqf.o(x$fpl$dleqf)
    _dcmple                                  0x00004a99   Thumb Code   120  dleqf.o(x$fpl$dleqf)
    __fpl_dcmple_InfNaN                      0x00004afb   Thumb Code     0  dleqf.o(x$fpl$dleqf)
    __aeabi_dmul                             0x00004b11   Thumb Code     0  dmul.o(x$fpl$dmul)
    _dmul                                    0x00004b11   Thumb Code   332  dmul.o(x$fpl$dmul)
    __fpl_dnaninf                            0x00004c65   Thumb Code   156  dnaninf.o(x$fpl$dnaninf)
    __fpl_dretinf                            0x00004d01   Thumb Code    12  dretinf.o(x$fpl$dretinf)
    __aeabi_cdrcmple                         0x00004d0d   Thumb Code     0  drleqf.o(x$fpl$drleqf)
    _drcmple                                 0x00004d0d   Thumb Code   108  drleqf.o(x$fpl$drleqf)
    _fp_init                                 0x00004d79   Thumb Code    26  fpinit.o(x$fpl$fpinit)
    __fplib_config_fpu_vfp                   0x00004d91   Thumb Code     0  fpinit.o(x$fpl$fpinit)
    __fplib_config_pureend_doubles           0x00004d91   Thumb Code     0  fpinit.o(x$fpl$fpinit)
    __fpl_fretinf                            0x00004d93   Thumb Code    10  fretinf.o(x$fpl$fretinf)
    __ieee_status                            0x00004d9d   Thumb Code     6  istatus.o(x$fpl$ieeestatus)
    _printf_fp_dec                           0x00004da3   Thumb Code     4  printf1.o(x$fpl$printf1)
    _printf_fp_hex                           0x00004da7   Thumb Code     4  printf2.o(x$fpl$printf2)
    __fpl_return_NaN                         0x00004dab   Thumb Code   100  retnan.o(x$fpl$retnan)
    __ARM_scalbn                             0x00004e0f   Thumb Code    92  scalbn.o(x$fpl$scalbn)
    _scanf_real                              0x00004e6b   Thumb Code     4  scanf1.o(x$fpl$scanf1)
    _scanf_hex_real                          0x00004e6f   Thumb Code     4  scanf2.o(x$fpl$scanf2)
    _scanf_infnan                            0x00004e73   Thumb Code     4  scanf2.o(x$fpl$scanf2)
    __fpl_cmpreturn                          0x00004e77   Thumb Code    48  trapv.o(x$fpl$trapveneer)
    __I$use$fp                               0x00004ea6   Number         0  usenofp.o(x$fpl$usenofp)
    RGB_LED_OFF                              0x00004fa4   Data           1  gpio.o(.rodata.RGB_LED_OFF)
    RGB_LED_RED                              0x00004fa5   Data           1  gpio.o(.rodata.RGB_LED_RED)
    Region$$Table$$Base                      0x00005060   Number         0  anon$$obj.o(Region$$Table)
    Region$$Table$$Limit                     0x00005070   Number         0  anon$$obj.o(Region$$Table)
    __aeabi_HUGE_VAL                         0x00005070   Data           0  fpconst.o(c$$dinf)
    __aeabi_HUGE_VALL                        0x00005070   Data           0  fpconst.o(c$$dinf)
    __aeabi_INFINITY                         0x00005070   Data           0  fpconst.o(c$$dinf)
    __dInf                                   0x00005070   Data           0  fpconst.o(c$$dinf)
    __huge_val                               0x00005070   Data           0  fpconst.o(c$$dinf)
    __dbl_max                                0x00005078   Data           0  fpconst.o(c$$dmax)
    __ctype                                  0x000050a9   Data           0  lc_ctype_c.o(locale$$data)
    __libspace_start                         0x20000000   Data          96  libspace.o(.bss)
    __temporary_stack_top$libspace           0x20000060   Data           0  libspace.o(.bss)



==============================================================================

Memory Map of the image

  Image Entry point : 0x000003c9

  Load Region LR_1 (Base: 0x00000000, Size: 0x000051ac, Max: 0xffffffff, ABSOLUTE)

    Execution Region ER_RO (Exec base: 0x00000000, Load base: 0x00000000, Size: 0x000051ac, Max: 0xffffffff, ABSOLUTE)

    Exec Addr    Load Addr    Size         Type   Attr      Idx    E Section Name        Object

    0x00000000   0x00000000   0x0000026c   Data   RO          161    RESET               startup_tm4c123.o
    0x0000026c   0x0000026c   0x00000008   Code   RO          194  * !!!main             c_w.l(__main.o)
    0x00000274   0x00000274   0x0000005c   Code   RO          663    !!!scatter          c_w.l(__scatter.o)
    0x000002d0   0x000002d0   0x00000002   Code   RO          664    !!handler_null      c_w.l(__scatter.o)
    0x000002d2   0x000002d2   0x00000002   PAD
    0x000002d4   0x000002d4   0x0000001c   Code   RO          667    !!handler_zi        c_w.l(__scatter_zi.o)
    0x000002f0   0x000002f0   0x00000000   Code   RO          278    .ARM.Collect$$_printf_percent$$00000000  c_w.l(_printf_percent.o)
    0x000002f0   0x000002f0   0x00000006   Code   RO          267    .ARM.Collect$$_printf_percent$$00000001  c_w.l(_printf_n.o)
    0x000002f6   0x000002f6   0x00000006   Code   RO          269    .ARM.Collect$$_printf_percent$$00000002  c_w.l(_printf_p.o)
    0x000002fc   0x000002fc   0x00000006   Code   RO          274    .ARM.Collect$$_printf_percent$$00000003  c_w.l(_printf_f.o)
    0x00000302   0x00000302   0x00000006   Code   RO          275    .ARM.Collect$$_printf_percent$$00000004  c_w.l(_printf_e.o)
    0x00000308   0x00000308   0x00000006   Code   RO          276    .ARM.Collect$$_printf_percent$$00000005  c_w.l(_printf_g.o)
    0x0000030e   0x0000030e   0x00000006   Code   RO          277    .ARM.Collect$$_printf_percent$$00000006  c_w.l(_printf_a.o)
    0x00000314   0x00000314   0x0000000a   Code   RO          282    .ARM.Collect$$_printf_percent$$00000007  c_w.l(_printf_ll.o)
    0x0000031e   0x0000031e   0x00000006   Code   RO          271    .ARM.Collect$$_printf_percent$$00000008  c_w.l(_printf_i.o)
    0x00000324   0x00000324   0x00000006   Code   RO          272    .ARM.Collect$$_printf_percent$$00000009  c_w.l(_printf_d.o)
    0x0000032a   0x0000032a   0x00000006   Code   RO          273    .ARM.Collect$$_printf_percent$$0000000A  c_w.l(_printf_u.o)
    0x00000330   0x00000330   0x00000006   Code   RO          270    .ARM.Collect$$_printf_percent$$0000000B  c_w.l(_printf_o.o)
    0x00000336   0x00000336   0x00000006   Code   RO          268    .ARM.Collect$$_printf_percent$$0000000C  c_w.l(_printf_x.o)
    0x0000033c   0x0000033c   0x00000006   Code   RO          279    .ARM.Collect$$_printf_percent$$0000000D  c_w.l(_printf_lli.o)
    0x00000342   0x00000342   0x00000006   Code   RO          280    .ARM.Collect$$_printf_percent$$0000000E  c_w.l(_printf_lld.o)
    0x00000348   0x00000348   0x00000006   Code   RO          281    .ARM.Collect$$_printf_percent$$0000000F  c_w.l(_printf_llu.o)
    0x0000034e   0x0000034e   0x00000006   Code   RO          286    .ARM.Collect$$_printf_percent$$00000010  c_w.l(_printf_llo.o)
    0x00000354   0x00000354   0x00000006   Code   RO          287    .ARM.Collect$$_printf_percent$$00000011  c_w.l(_printf_llx.o)
    0x0000035a   0x0000035a   0x0000000a   Code   RO          283    .ARM.Collect$$_printf_percent$$00000012  c_w.l(_printf_l.o)
    0x00000364   0x00000364   0x00000006   Code   RO          265    .ARM.Collect$$_printf_percent$$00000013  c_w.l(_printf_c.o)
    0x0000036a   0x0000036a   0x00000006   Code   RO          266    .ARM.Collect$$_printf_percent$$00000014  c_w.l(_printf_s.o)
    0x00000370   0x00000370   0x00000006   Code   RO          284    .ARM.Collect$$_printf_percent$$00000015  c_w.l(_printf_lc.o)
    0x00000376   0x00000376   0x00000006   Code   RO          285    .ARM.Collect$$_printf_percent$$00000016  c_w.l(_printf_ls.o)
    0x0000037c   0x0000037c   0x00000004   Code   RO          348    .ARM.Collect$$_printf_percent$$00000017  c_w.l(_printf_percent_end.o)
    0x00000380   0x00000380   0x00000002   Code   RO          423    .ARM.Collect$$libinit$$00000000  c_w.l(libinit.o)
    0x00000382   0x00000382   0x00000004   Code   RO          465    .ARM.Collect$$libinit$$00000001  c_w.l(libinit2.o)
    0x00000386   0x00000386   0x00000000   Code   RO          468    .ARM.Collect$$libinit$$00000004  c_w.l(libinit2.o)
    0x00000386   0x00000386   0x00000000   Code   RO          470    .ARM.Collect$$libinit$$00000006  c_w.l(libinit2.o)
    0x00000386   0x00000386   0x00000000   Code   RO          473    .ARM.Collect$$libinit$$0000000C  c_w.l(libinit2.o)
    0x00000386   0x00000386   0x00000000   Code   RO          475    .ARM.Collect$$libinit$$0000000E  c_w.l(libinit2.o)
    0x00000386   0x00000386   0x00000000   Code   RO          477    .ARM.Collect$$libinit$$00000010  c_w.l(libinit2.o)
    0x00000386   0x00000386   0x00000006   Code   RO          478    .ARM.Collect$$libinit$$00000011  c_w.l(libinit2.o)
    0x0000038c   0x0000038c   0x00000000   Code   RO          480    .ARM.Collect$$libinit$$00000013  c_w.l(libinit2.o)
    0x0000038c   0x0000038c   0x0000000c   Code   RO          481    .ARM.Collect$$libinit$$00000014  c_w.l(libinit2.o)
    0x00000398   0x00000398   0x00000000   Code   RO          482    .ARM.Collect$$libinit$$00000015  c_w.l(libinit2.o)
    0x00000398   0x00000398   0x00000000   Code   RO          484    .ARM.Collect$$libinit$$00000017  c_w.l(libinit2.o)
    0x00000398   0x00000398   0x0000000a   Code   RO          485    .ARM.Collect$$libinit$$00000018  c_w.l(libinit2.o)
    0x000003a2   0x000003a2   0x00000000   Code   RO          486    .ARM.Collect$$libinit$$00000019  c_w.l(libinit2.o)
    0x000003a2   0x000003a2   0x00000000   Code   RO          488    .ARM.Collect$$libinit$$0000001B  c_w.l(libinit2.o)
    0x000003a2   0x000003a2   0x00000000   Code   RO          490    .ARM.Collect$$libinit$$0000001D  c_w.l(libinit2.o)
    0x000003a2   0x000003a2   0x00000000   Code   RO          492    .ARM.Collect$$libinit$$0000001F  c_w.l(libinit2.o)
    0x000003a2   0x000003a2   0x00000000   Code   RO          494    .ARM.Collect$$libinit$$00000021  c_w.l(libinit2.o)
    0x000003a2   0x000003a2   0x00000000   Code   RO          496    .ARM.Collect$$libinit$$00000023  c_w.l(libinit2.o)
    0x000003a2   0x000003a2   0x00000000   Code   RO          498    .ARM.Collect$$libinit$$00000025  c_w.l(libinit2.o)
    0x000003a2   0x000003a2   0x00000000   Code   RO          500    .ARM.Collect$$libinit$$00000027  c_w.l(libinit2.o)
    0x000003a2   0x000003a2   0x00000000   Code   RO          504    .ARM.Collect$$libinit$$0000002E  c_w.l(libinit2.o)
    0x000003a2   0x000003a2   0x00000000   Code   RO          506    .ARM.Collect$$libinit$$00000030  c_w.l(libinit2.o)
    0x000003a2   0x000003a2   0x00000000   Code   RO          508    .ARM.Collect$$libinit$$00000032  c_w.l(libinit2.o)
    0x000003a2   0x000003a2   0x00000000   Code   RO          510    .ARM.Collect$$libinit$$00000034  c_w.l(libinit2.o)
    0x000003a2   0x000003a2   0x00000002   Code   RO          511    .ARM.Collect$$libinit$$00000035  c_w.l(libinit2.o)
    0x000003a4   0x000003a4   0x00000002   Code   RO          565    .ARM.Collect$$libshutdown$$00000000  c_w.l(libshutdown.o)
    0x000003a6   0x000003a6   0x00000000   Code   RO          598    .ARM.Collect$$libshutdown$$00000002  c_w.l(libshutdown2.o)
    0x000003a6   0x000003a6   0x00000000   Code   RO          600    .ARM.Collect$$libshutdown$$00000004  c_w.l(libshutdown2.o)
    0x000003a6   0x000003a6   0x00000000   Code   RO          603    .ARM.Collect$$libshutdown$$00000007  c_w.l(libshutdown2.o)
    0x000003a6   0x000003a6   0x00000000   Code   RO          606    .ARM.Collect$$libshutdown$$0000000A  c_w.l(libshutdown2.o)
    0x000003a6   0x000003a6   0x00000000   Code   RO          608    .ARM.Collect$$libshutdown$$0000000C  c_w.l(libshutdown2.o)
    0x000003a6   0x000003a6   0x00000000   Code   RO          611    .ARM.Collect$$libshutdown$$0000000F  c_w.l(libshutdown2.o)
    0x000003a6   0x000003a6   0x00000002   Code   RO          612    .ARM.Collect$$libshutdown$$00000010  c_w.l(libshutdown2.o)
    0x000003a8   0x000003a8   0x00000000   Code   RO          196    .ARM.Collect$$rtentry$$00000000  c_w.l(__rtentry.o)
    0x000003a8   0x000003a8   0x00000000   Code   RO          315    .ARM.Collect$$rtentry$$00000002  c_w.l(__rtentry2.o)
    0x000003a8   0x000003a8   0x00000006   Code   RO          327    .ARM.Collect$$rtentry$$00000004  c_w.l(__rtentry4.o)
    0x000003ae   0x000003ae   0x00000000   Code   RO          317    .ARM.Collect$$rtentry$$00000009  c_w.l(__rtentry2.o)
    0x000003ae   0x000003ae   0x00000004   Code   RO          318    .ARM.Collect$$rtentry$$0000000A  c_w.l(__rtentry2.o)
    0x000003b2   0x000003b2   0x00000000   Code   RO          320    .ARM.Collect$$rtentry$$0000000C  c_w.l(__rtentry2.o)
    0x000003b2   0x000003b2   0x00000008   Code   RO          321    .ARM.Collect$$rtentry$$0000000D  c_w.l(__rtentry2.o)
    0x000003ba   0x000003ba   0x00000002   Code   RO          450    .ARM.Collect$$rtexit$$00000000  c_w.l(rtexit.o)
    0x000003bc   0x000003bc   0x00000000   Code   RO          525    .ARM.Collect$$rtexit$$00000002  c_w.l(rtexit2.o)
    0x000003bc   0x000003bc   0x00000004   Code   RO          526    .ARM.Collect$$rtexit$$00000003  c_w.l(rtexit2.o)
    0x000003c0   0x000003c0   0x00000006   Code   RO          527    .ARM.Collect$$rtexit$$00000004  c_w.l(rtexit2.o)
    0x000003c6   0x000003c6   0x00000002   PAD
    0x000003c8   0x000003c8   0x00000114   Code   RO          162  * .text               startup_tm4c123.o
    0x000004dc   0x000004dc   0x00000040   Code   RO          184    .text               c_w.l(snprintf.o)
    0x0000051c   0x0000051c   0x0000003c   Code   RO          186    .text               c_w.l(sscanf.o)
    0x00000558   0x00000558   0x00000048   Code   RO          188    .text               c_w.l(strcpy.o)
    0x000005a0   0x000005a0   0x00000096   Code   RO          190    .text               c_w.l(strncmp.o)
    0x00000636   0x00000636   0x00000006   Code   RO          192    .text               c_w.l(heapauxi.o)
    0x0000063c   0x0000063c   0x0000004e   Code   RO          199    .text               c_w.l(_printf_pad.o)
    0x0000068a   0x0000068a   0x00000024   Code   RO          201    .text               c_w.l(_printf_truncate.o)
    0x000006ae   0x000006ae   0x00000052   Code   RO          203    .text               c_w.l(_printf_str.o)
    0x00000700   0x00000700   0x00000078   Code   RO          205    .text               c_w.l(_printf_dec.o)
    0x00000778   0x00000778   0x00000028   Code   RO          207    .text               c_w.l(_printf_charcount.o)
    0x000007a0   0x000007a0   0x00000030   Code   RO          209    .text               c_w.l(_printf_char_common.o)
    0x000007d0   0x000007d0   0x00000010   Code   RO          211    .text               c_w.l(_snputc.o)
    0x000007e0   0x000007e0   0x000000bc   Code   RO          213    .text               c_w.l(_printf_wctomb.o)
    0x0000089c   0x0000089c   0x0000007c   Code   RO          216    .text               c_w.l(_printf_longlong_dec.o)
    0x00000918   0x00000918   0x00000070   Code   RO          222    .text               c_w.l(_printf_oct_int_ll.o)
    0x00000988   0x00000988   0x00000094   Code   RO          242    .text               c_w.l(_printf_hex_int_ll_ptr.o)
    0x00000a1c   0x00000a1c   0x00000188   Code   RO          262    .text               c_w.l(__printf_flags_ss_wp.o)
    0x00000ba4   0x00000ba4   0x00000156   Code   RO          288    .text               c_w.l(_scanf_longlong.o)
    0x00000cfa   0x00000cfa   0x0000014c   Code   RO          290    .text               c_w.l(_scanf_int.o)
    0x00000e46   0x00000e46   0x000000e0   Code   RO          292    .text               c_w.l(_scanf_str.o)
    0x00000f26   0x00000f26   0x00000002   PAD
    0x00000f28   0x00000f28   0x0000002c   Code   RO          294    .text               c_w.l(scanf_char.o)
    0x00000f54   0x00000f54   0x00000040   Code   RO          296    .text               c_w.l(_sgetc.o)
    0x00000f94   0x00000f94   0x00000114   Code   RO          298    .text               c_w.l(_scanf_mbtowc.o)
    0x000010a8   0x000010a8   0x000000e8   Code   RO          300    .text               c_w.l(_scanf_wctomb.o)
    0x00001190   0x00001190   0x000000d0   Code   RO          302    .text               c_w.l(_scanf_wstr.o)
    0x00001260   0x00001260   0x0000008a   Code   RO          329    .text               c_w.l(lludiv10.o)
    0x000012ea   0x000012ea   0x00000012   Code   RO          331    .text               c_w.l(isspace.o)
    0x000012fc   0x000012fc   0x000000b2   Code   RO          333    .text               c_w.l(_printf_intcommon.o)
    0x000013ae   0x000013ae   0x0000041c   Code   RO          335    .text               c_w.l(_printf_fp_dec.o)
    0x000017ca   0x000017ca   0x00000002   PAD
    0x000017cc   0x000017cc   0x000002fc   Code   RO          339    .text               c_w.l(_printf_fp_hex.o)
    0x00001ac8   0x00001ac8   0x0000002c   Code   RO          344    .text               c_w.l(_printf_char.o)
    0x00001af4   0x00001af4   0x0000002c   Code   RO          346    .text               c_w.l(_printf_wchar.o)
    0x00001b20   0x00001b20   0x0000001c   Code   RO          349    .text               c_w.l(_chval.o)
    0x00001b3c   0x00001b3c   0x00000374   Code   RO          351    .text               c_w.l(_scanf.o)
    0x00001eb0   0x00001eb0   0x000004f8   Code   RO          353    .text               c_w.l(scanf_fp.o)
    0x000023a8   0x000023a8   0x0000001e   Code   RO          357    .text               c_w.l(_scanf_wcharmap.o)
    0x000023c6   0x000023c6   0x00000040   Code   RO          359    .text               c_w.l(_mbrtoc16.o)
    0x00002406   0x00002406   0x00000048   Code   RO          361    .text               c_w.l(_c16rtomb.o)
    0x0000244e   0x0000244e   0x0000004a   Code   RO          363    .text               c_w.l(sys_stackheap_outer.o)
    0x00002498   0x00002498   0x00000010   Code   RO          365    .text               c_w.l(rt_ctype_table.o)
    0x000024a8   0x000024a8   0x00000008   Code   RO          370    .text               c_w.l(rt_locale_intlibspace.o)
    0x000024b0   0x000024b0   0x00000008   Code   RO          375    .text               c_w.l(rt_errno_addr_intlibspace.o)
    0x000024b8   0x000024b8   0x00000026   Code   RO          377    .text               c_w.l(llshl.o)
    0x000024de   0x000024de   0x00000002   PAD
    0x000024e0   0x000024e0   0x00000080   Code   RO          379    .text               c_w.l(_printf_fp_infnan.o)
    0x00002560   0x00002560   0x000000e4   Code   RO          381    .text               c_w.l(bigflt0.o)
    0x00002644   0x00002644   0x00000012   Code   RO          414    .text               c_w.l(exit.o)
    0x00002656   0x00002656   0x00000002   PAD
    0x00002658   0x00002658   0x00000008   Code   RO          447    .text               c_w.l(libspace.o)
    0x00002660   0x00002660   0x00000016   Code   RO          452    .text               c_w.l(_rserrno.o)
    0x00002676   0x00002676   0x00000002   PAD
    0x00002678   0x00002678   0x00000320   Code   RO          454    .text               c_w.l(scanf_hexfp.o)
    0x00002998   0x00002998   0x00000134   Code   RO          456    .text               c_w.l(scanf_infnan.o)
    0x00002acc   0x00002acc   0x00000004   PAD
    0x00002ad0   0x00002ad0   0x0000007c   Code   RO          463    .text               c_w.l(strcmpv7em.o)
    0x00002b4c   0x00002b4c   0x0000000c   Code   RO          555    .text               c_w.l(sys_exit.o)
    0x00002b58   0x00002b58   0x00000002   Code   RO          588    .text               c_w.l(use_no_semi.o)
    0x00002b5a   0x00002b5a   0x00000000   Code   RO          590    .text               c_w.l(indicate_semi.o)
    0x00002b5a   0x00002b5a   0x00000002   PAD
    0x00002b5c   0x00002b5c   0x000000e0   Code   RO           75    .text.PWM0_0_Init   pwm0_0.o
    0x00002c3c   0x00002c3c   0x0000001a   Code   RO           77    .text.PWM0_0_Update_Duty_Cycle  pwm0_0.o
    0x00002c56   0x00002c56   0x00000002   PAD
    0x00002c58   0x00002c58   0x00000146   Code   RO           86    .text.PWM0_4_5_Init  pwm0_4_5.o
    0x00002d9e   0x00002d9e   0x00000002   PAD
    0x00002da0   0x00002da0   0x0000001a   Code   RO           88    .text.PWM0_4_Update_Duty_Cycle  pwm0_4_5.o
    0x00002dba   0x00002dba   0x00000002   PAD
    0x00002dbc   0x00002dbc   0x0000001a   Code   RO           90    .text.PWM0_5_Update_Duty_Cycle  pwm0_4_5.o
    0x00002dd6   0x00002dd6   0x00000002   PAD
    0x00002dd8   0x00002dd8   0x00000022   Code   RO           67    .text.PWM_Clock_Init  pwm_clock.o
    0x00002dfa   0x00002dfa   0x00000002   PAD
    0x00002dfc   0x00002dfc   0x00000036   Code   RO           94    .text.PWM_Motor_Backward  pwm0_4_5.o
    0x00002e32   0x00002e32   0x00000002   PAD
    0x00002e34   0x00002e34   0x00000036   Code   RO           92    .text.PWM_Motor_Forward  pwm0_4_5.o
    0x00002e6a   0x00002e6a   0x00000002   PAD
    0x00002e6c   0x00002e6c   0x0000002e   Code   RO           96    .text.PWM_Motor_Stop  pwm0_4_5.o
    0x00002e9a   0x00002e9a   0x00000002   PAD
    0x00002e9c   0x00002e9c   0x00000052   Code   RO           29    .text.RGB_LED_Init  gpio.o
    0x00002eee   0x00002eee   0x00000002   PAD
    0x00002ef0   0x00002ef0   0x00000020   Code   RO           31    .text.RGB_LED_Output  gpio.o
    0x00002f10   0x00002f10   0x00000348   Code   RO            8    .text.Run_Autonomous_StateMachine  main.o
    0x00003258   0x00003258   0x0000004c   Code   RO           50    .text.SysTick_Delay1ms  systick_delay.o
    0x000032a4   0x000032a4   0x0000002a   Code   RO           48    .text.SysTick_Delay1us  systick_delay.o
    0x000032ce   0x000032ce   0x00000002   PAD
    0x000032d0   0x000032d0   0x0000002a   Code   RO           46    .text.SysTick_Delay_Init  systick_delay.o
    0x000032fa   0x000032fa   0x00000002   PAD
    0x000032fc   0x000032fc   0x0000000c   Code   RO           54    .text.SysTick_GetMillis  systick_delay.o
    0x00003308   0x00003308   0x00000056   Code   RO           52    .text.SysTick_Handler  systick_delay.o
    0x0000335e   0x0000335e   0x00000002   PAD
    0x00003360   0x00003360   0x0000010c   Code   RO          173    .text.SystemInit    system_tm4c123.o
    0x0000346c   0x0000346c   0x000000c2   Code   RO          105    .text.UART0_Init    uart0.o
    0x0000352e   0x0000352e   0x00000002   PAD
    0x00003530   0x00003530   0x0000002e   Code   RO          109    .text.UART0_Output_Character  uart0.o
    0x0000355e   0x0000355e   0x00000002   PAD
    0x00003560   0x00003560   0x00000010   Code   RO          123    .text.UART0_Output_Newline  uart0.o
    0x00003570   0x00003570   0x00000024   Code   RO          113    .text.UART0_Output_String  uart0.o
    0x00003594   0x00003594   0x00000048   Code   RO          117    .text.UART0_Output_Unsigned_Decimal  uart0.o
    0x000035dc   0x000035dc   0x0000002c   Code   RO          138    .text.UART3_DataAvailable  uart3.o
    0x00003608   0x00003608   0x000000d2   Code   RO          132    .text.UART3_Init    uart3.o
    0x000036da   0x000036da   0x00000002   PAD
    0x000036dc   0x000036dc   0x00000024   Code   RO          134    .text.UART3_Input_Character  uart3.o
    0x00003700   0x00003700   0x00000070   Code   RO          147    .text.Ultrasonic_Init  ultra_sonic.o
    0x00003770   0x00003770   0x0000001e   Code   RO          151    .text.Ultrasonic_ReadDistanceCM  ultra_sonic.o
    0x0000378e   0x0000378e   0x00000002   PAD
    0x00003790   0x00003790   0x0000009c   Code   RO          149    .text.Ultrasonic_ReadPulse  ultra_sonic.o
    0x0000382c   0x0000382c   0x0000002e   Code   RO            6    .text.Update_Local_Sensors  main.o
    0x0000385a   0x0000385a   0x00000002   PAD
    0x0000385c   0x0000385c   0x000002b4   Code   RO            4    .text.handleLine    main.o
    0x00003b10   0x00003b10   0x000001c8   Code   RO            2    .text.main          main.o
    0x00003cd8   0x00003cd8   0x00000100   Code   RO           10    .text.mapSteerToDuty  main.o
    0x00003dd8   0x00003dd8   0x0000003e   Code   RO          384    CL$$btod_d2e        c_w.l(btod.o)
    0x00003e16   0x00003e16   0x00000046   Code   RO          386    CL$$btod_d2e_denorm_low  c_w.l(btod.o)
    0x00003e5c   0x00003e5c   0x00000060   Code   RO          385    CL$$btod_d2e_norm_op1  c_w.l(btod.o)
    0x00003ebc   0x00003ebc   0x00000338   Code   RO          394    CL$$btod_div_common  c_w.l(btod.o)
    0x000041f4   0x000041f4   0x00000084   Code   RO          392    CL$$btod_e2d        c_w.l(btod.o)
    0x00004278   0x00004278   0x000000dc   Code   RO          391    CL$$btod_e2e        c_w.l(btod.o)
    0x00004354   0x00004354   0x0000002a   Code   RO          388    CL$$btod_ediv       c_w.l(btod.o)
    0x0000437e   0x0000437e   0x0000002a   Code   RO          390    CL$$btod_edivd      c_w.l(btod.o)
    0x000043a8   0x000043a8   0x0000002a   Code   RO          387    CL$$btod_emul       c_w.l(btod.o)
    0x000043d2   0x000043d2   0x0000002a   Code   RO          389    CL$$btod_emuld      c_w.l(btod.o)
    0x000043fc   0x000043fc   0x00000244   Code   RO          393    CL$$btod_mult_common  c_w.l(btod.o)
    0x00004640   0x00004640   0x00000030   Code   RO          437    i.__ARM_fpclassify  m_wm.l(fpclassify.o)
    0x00004670   0x00004670   0x000000f8   Code   RO          439    i.__hardfp___mathlib_tofloat  m_wm.l(narrow.o)
    0x00004768   0x00004768   0x000000d0   Code   RO          547    i.__hardfp_ldexp    m_wm.l(ldexp.o)
    0x00004838   0x00004838   0x00000020   Code   RO          574    i.__mathlib_dbl_overflow  m_wm.l(dunder.o)
    0x00004858   0x00004858   0x00000020   Code   RO          576    i.__mathlib_dbl_underflow  m_wm.l(dunder.o)
    0x00004878   0x00004878   0x00000012   Code   RO          440    i.__mathlib_narrow  m_wm.l(narrow.o)
    0x0000488a   0x0000488a   0x00000014   Code   RO          549    i.__support_ldexp   m_wm.l(ldexp.o)
    0x0000489e   0x0000489e   0x0000000e   Code   RO          255    i._is_digit         c_w.l(__printf_wp.o)
    0x000048ac   0x000048ac   0x00000004   PAD
    0x000048b0   0x000048b0   0x0000008c   Code   RO          520    i.frexp             m_wm.l(frexp.o)
    0x0000493c   0x0000493c   0x0000002c   Code   RO          412    locale$$code        c_w.l(lc_numeric_c.o)
    0x00004968   0x00004968   0x0000002c   Code   RO          461    locale$$code        c_w.l(lc_ctype_c.o)
    0x00004994   0x00004994   0x00000062   Code   RO          512    x$fpl$d2f           fz_wm.l(d2f.o)
    0x000049f6   0x000049f6   0x00000002   PAD
    0x000049f8   0x000049f8   0x00000010   Code   RO          619    x$fpl$dcheck1       fz_wm.l(dcheck1.o)
    0x00004a08   0x00004a08   0x00000018   Code   RO          535    x$fpl$dcmpinf       fz_wm.l(dcmpi.o)
    0x00004a20   0x00004a20   0x00000078   Code   RO          514    x$fpl$deqf          fz_wm.l(deqf.o)
    0x00004a98   0x00004a98   0x00000078   Code   RO          537    x$fpl$dleqf         fz_wm.l(dleqf.o)
    0x00004b10   0x00004b10   0x00000154   Code   RO          539    x$fpl$dmul          fz_wm.l(dmul.o)
    0x00004c64   0x00004c64   0x0000009c   Code   RO          541    x$fpl$dnaninf       fz_wm.l(dnaninf.o)
    0x00004d00   0x00004d00   0x0000000c   Code   RO          566    x$fpl$dretinf       fz_wm.l(dretinf.o)
    0x00004d0c   0x00004d0c   0x0000006c   Code   RO          516    x$fpl$drleqf        fz_wm.l(drleqf.o)
    0x00004d78   0x00004d78   0x0000001a   Code   RO          543    x$fpl$fpinit        fz_wm.l(fpinit.o)
    0x00004d92   0x00004d92   0x0000000a   Code   RO          545    x$fpl$fretinf       fz_wm.l(fretinf.o)
    0x00004d9c   0x00004d9c   0x00000006   Code   RO          428    x$fpl$ieeestatus    fz_wm.l(istatus.o)
    0x00004da2   0x00004da2   0x00000004   Code   RO          304    x$fpl$printf1       fz_wm.l(printf1.o)
    0x00004da6   0x00004da6   0x00000004   Code   RO          306    x$fpl$printf2       fz_wm.l(printf2.o)
    0x00004daa   0x00004daa   0x00000064   Code   RO          631    x$fpl$retnan        fz_wm.l(retnan.o)
    0x00004e0e   0x00004e0e   0x0000005c   Code   RO          568    x$fpl$scalbn        fz_wm.l(scalbn.o)
    0x00004e6a   0x00004e6a   0x00000004   Code   RO          312    x$fpl$scanf1        fz_wm.l(scanf1.o)
    0x00004e6e   0x00004e6e   0x00000008   Code   RO          430    x$fpl$scanf2        fz_wm.l(scanf2.o)
    0x00004e76   0x00004e76   0x00000030   Code   RO          637    x$fpl$trapveneer    fz_wm.l(trapv.o)
    0x00004ea6   0x00004ea6   0x00000000   Code   RO          436    x$fpl$usenofp       fz_wm.l(usenofp.o)
    0x00004ea6   0x00004ea6   0x00000002   PAD
    0x00004ea8   0x00004ea8   0x00000008   Data   RO          214    .constdata          c_w.l(_printf_wctomb.o)
    0x00004eb0   0x00004eb0   0x00000028   Data   RO          243    .constdata          c_w.l(_printf_hex_int_ll_ptr.o)
    0x00004ed8   0x00004ed8   0x00000011   Data   RO          263    .constdata          c_w.l(__printf_flags_ss_wp.o)
    0x00004ee9   0x00004ee9   0x00000026   Data   RO          340    .constdata          c_w.l(_printf_fp_hex.o)
    0x00004f0f   0x00004f0f   0x00000001   PAD
    0x00004f10   0x00004f10   0x00000094   Data   RO          382    .constdata          c_w.l(bigflt0.o)
    0x00004fa4   0x00004fa4   0x00000001   Data   RO           35    .rodata.RGB_LED_OFF  gpio.o
    0x00004fa5   0x00004fa5   0x00000001   Data   RO           36    .rodata.RGB_LED_RED  gpio.o
    0x00004fa6   0x00004fa6   0x000000b7   Data   RO           17    .rodata.str1.1      main.o
    0x0000505d   0x0000505d   0x00000003   PAD
    0x00005060   0x00005060   0x00000010   Data   RO          662    Region$$Table       anon$$obj.o
    0x00005070   0x00005070   0x00000008   Data   RO          424    c$$dinf             fz_wm.l(fpconst.o)
    0x00005078   0x00005078   0x00000008   Data   RO          427    c$$dmax             fz_wm.l(fpconst.o)
    0x00005080   0x00005080   0x0000001c   Data   RO          411    locale$$data        c_w.l(lc_numeric_c.o)
    0x0000509c   0x0000509c   0x00000110   Data   RO          460    locale$$data        c_w.l(lc_ctype_c.o)


    Execution Region ER_RW (Exec base: 0x20000000, Load base: 0x000051ac, Size: 0x00000000, Max: 0xffffffff, ABSOLUTE)

    **** No section assigned to this execution region ****


    Execution Region ER_ZI (Exec base: 0x20000000, Load base: 0x000051ac, Size: 0x00000308, Max: 0xffffffff, ABSOLUTE)

    Exec Addr    Load Addr    Size         Type   Attr      Idx    E Section Name        Object

    0x20000000        -       0x00000060   Zero   RW          448    .bss                c_w.l(libspace.o)
    0x20000060        -       0x00000001   Zero   RW           19    .bss.Run_Autonomous_StateMachine.old_state  main.o
    0x20000061        -       0x00000001   Zero   RW           16    .bss.g_auto_state   main.o
    0x20000062        -       0x00000001   Zero   RW           15    .bss.g_control_mode  main.o
    0x20000063   0x000051ac   0x00000001   PAD
    0x20000064        -       0x00000004   Zero   RW           20    .bss.g_distance_cm  main.o
    0x20000068        -       0x00000004   Zero   RW           12    .bss.g_last_manual_rx_ms  main.o
    0x2000006c        -       0x00000004   Zero   RW           59    .bss.g_ms_ticks     systick_delay.o
    0x20000070        -       0x00000004   Zero   RW           18    .bss.g_state_time_ms  main.o
    0x20000074        -       0x00000080   Zero   RW           14    .bss.lineBuf        main.o
    0x200000f4        -       0x00000004   Zero   RW           13    .bss.lineIndex      main.o
    0x200000f8        -       0x00000001   Zero   RW           58    .bss.ms_active      systick_delay.o
    0x200000f9   0x000051ac   0x00000003   PAD
    0x200000fc        -       0x00000004   Zero   RW           57    .bss.ms_elapsed     systick_delay.o
    0x20000100        -       0x00000004   Zero   RW           56    .bss.us_elapsed     systick_delay.o
    0x20000104   0x000051ac   0x00000004   PAD
    0x20000108        -       0x00000000   Zero   RW          160    HEAP                startup_tm4c123.o
    0x20000108        -       0x00000200   Zero   RW          159    STACK               startup_tm4c123.o


==============================================================================

Image component sizes


      Code (inc. data)   RO Data    RW Data    ZI Data      Debug   Object Name

       114          0          2          0          0       6006   gpio.o
      2290         46        183          0        147       4052   main.o
       250          0          0          0          0       7892   pwm0_0.o
       532          0          0          0          0       8463   pwm0_4_5.o
        34          0          0          0          0       4954   pwm_clock.o
       276         24        620          0        512       5496   startup_tm4c123.o
       268          0          0          0          0       6798   system_tm4c123.o
       258          0          0          0         13       1500   systick_delay.o
       364          0          0          0          0       8075   uart0.o
       290          0          0          0          0       6521   uart3.o
       298          0          0          0          0       5980   ultra_sonic.o

    ----------------------------------------------------------------------
      5008         70        824          0        680      65737   Object Totals
         0          0         16          0          0          0   (incl. Generated)
        34          0          3          0          8          0   (incl. Padding)

    ----------------------------------------------------------------------

      Code (inc. data)   RO Data    RW Data    ZI Data      Debug   Library Member Name

         8          0          0          0          0         68   __main.o
       392          4         17          0          0         92   __printf_flags_ss_wp.o
        14          0          0          0          0         68   __printf_wp.o
         0          0          0          0          0          0   __rtentry.o
        12          0          0          0          0          0   __rtentry2.o
         6          0          0          0          0          0   __rtentry4.o
        94          8          0          0          0          0   __scatter.o
        28          0          0          0          0          0   __scatter_zi.o
        72          0          0          0          0         96   _c16rtomb.o
        28          0          0          0          0         68   _chval.o
        64          0          0          0          0         84   _mbrtoc16.o
         6          0          0          0          0          0   _printf_a.o
         6          0          0          0          0          0   _printf_c.o
        44          0          0          0          0        108   _printf_char.o
        48          6          0          0          0         96   _printf_char_common.o
        40          0          0          0          0         68   _printf_charcount.o
         6          0          0          0          0          0   _printf_d.o
       120         16          0          0          0         92   _printf_dec.o
         6          0          0          0          0          0   _printf_e.o
         6          0          0          0          0          0   _printf_f.o
      1052          0          0          0          0        148   _printf_fp_dec.o
       764          8         38          0          0        100   _printf_fp_hex.o
       128         16          0          0          0         84   _printf_fp_infnan.o
         6          0          0          0          0          0   _printf_g.o
       148          4         40          0          0        160   _printf_hex_int_ll_ptr.o
         6          0          0          0          0          0   _printf_i.o
       178          0          0          0          0         88   _printf_intcommon.o
        10          0          0          0          0          0   _printf_l.o
         6          0          0          0          0          0   _printf_lc.o
        10          0          0          0          0          0   _printf_ll.o
         6          0          0          0          0          0   _printf_lld.o
         6          0          0          0          0          0   _printf_lli.o
         6          0          0          0          0          0   _printf_llo.o
         6          0          0          0          0          0   _printf_llu.o
         6          0          0          0          0          0   _printf_llx.o
       124         16          0          0          0         92   _printf_longlong_dec.o
         6          0          0          0          0          0   _printf_ls.o
         6          0          0          0          0          0   _printf_n.o
         6          0          0          0          0          0   _printf_o.o
       112          8          0          0          0        124   _printf_oct_int_ll.o
         6          0          0          0          0          0   _printf_p.o
        78          0          0          0          0        108   _printf_pad.o
         0          0          0          0          0          0   _printf_percent.o
         4          0          0          0          0          0   _printf_percent_end.o
         6          0          0          0          0          0   _printf_s.o
        82          0          0          0          0         80   _printf_str.o
        36          0          0          0          0         84   _printf_truncate.o
         6          0          0          0          0          0   _printf_u.o
        44          0          0          0          0        108   _printf_wchar.o
       188          6          8          0          0         92   _printf_wctomb.o
         6          0          0          0          0          0   _printf_x.o
        22          0          0          0          0        100   _rserrno.o
       884          6          0          0          0        100   _scanf.o
       332          0          0          0          0         96   _scanf_int.o
       342          0          0          0          0        100   _scanf_longlong.o
       276          0          0          0          0        100   _scanf_mbtowc.o
       224          0          0          0          0         96   _scanf_str.o
        30          0          0          0          0         76   _scanf_wcharmap.o
       232          0          0          0          0        100   _scanf_wctomb.o
       208          0          0          0          0         96   _scanf_wstr.o
        64          0          0          0          0         84   _sgetc.o
        16          0          0          0          0         68   _snputc.o
       228          4        148          0          0         96   bigflt0.o
      2152        136          0          0          0        956   btod.o
        18          0          0          0          0         80   exit.o
         6          0          0          0          0        152   heapauxi.o
         0          0          0          0          0          0   indicate_semi.o
        18          0          0          0          0         76   isspace.o
        44         10        272          0          0         76   lc_ctype_c.o
        44         10         28          0          0         76   lc_numeric_c.o
         2          0          0          0          0          0   libinit.o
        34          0          0          0          0          0   libinit2.o
         2          0          0          0          0          0   libshutdown.o
         2          0          0          0          0          0   libshutdown2.o
         8          4          0          0         96         68   libspace.o
        38          0          0          0          0         68   llshl.o
       138          0          0          0          0         80   lludiv10.o
        16          4          0          0          0         76   rt_ctype_table.o
         8          4          0          0          0         68   rt_errno_addr_intlibspace.o
         8          4          0          0          0         68   rt_locale_intlibspace.o
         2          0          0          0          0          0   rtexit.o
        10          0          0          0          0          0   rtexit2.o
        44          8          0          0          0         84   scanf_char.o
      1272         16          0          0          0        168   scanf_fp.o
       800         14          0          0          0        100   scanf_hexfp.o
       308         16          0          0          0        100   scanf_infnan.o
        64          6          0          0          0         84   snprintf.o
        60          8          0          0          0         84   sscanf.o
       124          0          0          0          0         88   strcmpv7em.o
        72          0          0          0          0         80   strcpy.o
       150          0          0          0          0         80   strncmp.o
        12          4          0          0          0         68   sys_exit.o
        74          0          0          0          0         80   sys_stackheap_outer.o
         2          0          0          0          0         68   use_no_semi.o
        98          4          0          0          0        140   d2f.o
        16          4          0          0          0        116   dcheck1.o
        24          0          0          0          0        116   dcmpi.o
       120          4          0          0          0        140   deqf.o
       120          4          0          0          0        140   dleqf.o
       340         12          0          0          0        152   dmul.o
       156          4          0          0          0        140   dnaninf.o
        12          0          0          0          0        116   dretinf.o
       108          0          0          0          0        128   drleqf.o
         0          0         16          0          0          0   fpconst.o
        26          0          0          0          0        116   fpinit.o
        10          0          0          0          0        116   fretinf.o
         6          0          0          0          0        116   istatus.o
         4          0          0          0          0        116   printf1.o
         4          0          0          0          0        116   printf2.o
       100          0          0          0          0        116   retnan.o
        92          0          0          0          0        116   scalbn.o
         4          0          0          0          0        116   scanf1.o
         8          0          0          0          0        132   scanf2.o
        48          0          0          0          0        116   trapv.o
         0          0          0          0          0          0   usenofp.o
        64         16          0          0          0        248   dunder.o
        48          0          0          0          0        124   fpclassify.o
       140         22          0          0          0        132   frexp.o
       228          8          0          0          0        308   ldexp.o
       266         16          0          0          0        308   narrow.o

    ----------------------------------------------------------------------
     14508        444        568          0         96       9632   Library Totals
        28          4          1          0          0          0   (incl. Padding)

    ----------------------------------------------------------------------

      Code (inc. data)   RO Data    RW Data    ZI Data      Debug   Library Name

     12438        346        551          0         96       6148   c_w.l
      1296         32         16          0          0       2364   fz_wm.l
       746         62          0          0          0       1120   m_wm.l

    ----------------------------------------------------------------------
     14508        444        568          0         96       9632   Library Totals

    ----------------------------------------------------------------------

==============================================================================


      Code (inc. data)   RO Data    RW Data    ZI Data      Debug   

     19516        514       1392          0        776      69361   Grand Totals
     19516        514       1392          0        776      69361   ELF Image Totals
     19516        514       1392          0          0          0   ROM Totals

==============================================================================

    Total RO  Size (Code + RO Data)                20908 (  20.42kB)
    Total RW  Size (RW Data + ZI Data)               776 (   0.76kB)
    Total ROM Size (Code + RO Data + RW Data)      20908 (  20.42kB)

==============================================================================

